{"timestamp": "2026-09-11T18:30:08.009965+00:00", "user_id": 14, "event_type": "entrega", "product_id": 5, "product_name": "Mouse", "price": 100.0}
{"timestamp": "2026-09-11T18:30:10.011379+00:00", "user_id": 27, "event_type": "compra", "product_id": 2, "product_name": "Smartphone", "price": 2200.0}
{"timestamp": "2026-09-11T18:30:12.013111+00:00", "user_id": 100, "event_type": "clique", "product_id": 1, "product_name": "Notebook", "price": 3500.0}
{"timestamp": "2026-09-11T18:30:14.015219+00:00", "user_id": 76, "event_type": "clique", "product_id": 5, "product_name": "Mouse", "price": 100.0}
{"timestamp": "2026-09-11T18:30:16.017385+00:00", "user_id": 89, "event_type": "clique", "product_id": 1, "product_name": "Notebook", "price": 3500.0}
{"timestamp": "2026-09-11T18:30:18.027076+00:00", "user_id": 33, "event_type": "carrinho", "product_id": 3, "product_name": "Fone de ouvido", "price": 250.0}
{"timestamp": "2026-09-11T18:30:20.029363+00:00", "user_id": 19, "event_type": "entrega", "product_id": 3, "product_name": "Fone de ouvido", "price": 250.0}
{"timestamp": "2026-09-11T18:43:57.873893+00:00", "user_id": 72, "event_type": "compra", "product_id": 3, "product_name": "Fone de ouvido", "price": 250.0}
{"timestamp": "2026-09-11T18:43:59.875884+00:00", "user_id": 68, "event_type": "entrega", "product_id": 3, "product_name": "Fone de ouvido", "price": 250.0}
{"timestamp": "2026-09-11T18:44:01.877631+00:00", "user_id": 4, "event_type": "carrinho", "product_id": 5, "product_name": "Mouse", "price": 100.0}
{"timestamp": "2026-09-11T18:44:03.879381+00:00", "user_id": 79, "event_type": "entrega", "product_id": 3, "product_name": "Fone de ouvido", "price": 250.0}
{"timestamp": "2026-09-11T18:44:05.882851+00:00", "user_id": 76, "event_type": "carrinho", "product_id": 4, "product_name": "Teclado", "price": 180.0}
{"timestamp": "2026-09-11T18:44:07.884125+00:00", "user_id": 48, "event_type": "entrega", "product_id": 2, "product_name": "Smartphone", "price": 2200.0}
{"timestamp": "2026-09-11T18:44:09.886242+00:00", "user_id": 9, "event_type": "clique", "product_id": 2, "product_name": "Smartphone", "price": 2200.0}
{"timestamp": "2026-09-11T18:44:11.888463+00:00", "user_id": 43, "event_type": "clique", "product_id": 2, "product_name": "Smartphone", "price": 2200.0}
{"timestamp": "2026-09-11T18:44:13.893690+00:00", "user_id": 83, "event_type": "clique", "product_id": 4, "product_name": "Teclado", "price": 180.0}
{"timestamp": "2026-09-11T18:44:15.895949+00:00", "user_id": 61, "event_type": "compra", "product_id": 4, "product_name": "Teclado", "price": 180.0}
{"timestamp": "2026-09-11T18:44:17.899203+00:00", "user_id": 18, "event_type": "clique", "product_id": 4, "product_name": "Teclado", "price": 180.0}
{"timestamp": "2026-09-11T18:44:19.902943+00:00", "user_id": 62, "event_type": "carrinho", "product_id": 3, "product_name": "Fone de ouvido", "price": 250.0}
{"timestamp": "2026-09-11T18:44:21.907741+00:00", "user_id": 51, "event_type": "entrega", "product_id": 3, "product_name": "Fone de ouvido", "price": 250.0}
{"timestamp": "2026-09-11T18:44:23.913840+00:00", "user_id": 27, "event_type": "carrinho", "product_id": 5, "product_name": "Mouse", "price": 100.0}
{"timestamp": "2026-09-11T18:44:25.916604+00:00", "user_id": 67, "event_type": "carrinho", "product_id": 1, "product_name": "Notebook", "price": 3500.0}
{"timestamp": "2026-09-11T18:44:27.922693+00:00", "user_id": 70, "event_type": "clique", "product_id": 4, "product_name": "Teclado", "price": 180.0}
{"timestamp": "2026-09-11T18:44:29.924829+00:00", "user_id": 13, "event_type": "clique", "product_id": 3, "product_name": "Fone de ouvido", "price": 250.0}
{"timestamp": "2026-09-11T18:44:31.926467+00:00", "user_id": 26, "event_type": "clique", "product_id": 2, "product_name": "Smartphone", "price": 2200.0}
{"timestamp": "2026-09-11T18:44:33.934650+00:00", "user_id": 12, "event_type": "compra", "product_id": 5, "product_name": "Mouse", "price": 100.0}
{"timestamp": "2026-09-11T18:44:35.938103+00:00", "user_id": 93, "event_type": "clique", "product_id": 3, "product_name": "Fone de ouvido", "price": 250.0}
{"timestamp": "2026-09-11T18:44:37.939824+00:00", "user_id": 60, "event_type": "compra", "product_id": 4, "product_name": "Teclado", "price": 180.0}
{"timestamp": "2026-09-11T18:44:39.942123+00:00", "user_id": 95, "event_type": "entrega", "product_id": 5, "product_name": "Mouse", "price": 100.0}
{"timestamp": "2026-09-11T18:44:41.944090+00:00", "user_id": 26, "event_type": "carrinho", "product_id": 2, "product_name": "Smartphone", "price": 2200.0}
{"timestamp": "2026-09-11T18:44:43.945483+00:00", "user_id": 63, "event_type": "clique", "product_id": 3, "product_name": "Fone de ouvido", "price": 250.0}
{"timestamp": "2026-09-11T18:44:45.948575+00:00", "user_id": 22, "event_type": "entrega", "product_id": 2, "product_name": "Smartphone", "price": 2200.0}
{"timestamp": "2026-09-11T18:44:47.950263+00:00", "user_id": 19, "event_type": "clique", "product_id": 2, "product_name": "Smartphone", "price": 2200.0}
{"timestamp": "2026-09-11T18:44:49.952730+00:00", "user_id": 43, "event_type": "entrega", "product_id": 1, "product_name": "Notebook", "price": 3500.0}
{"timestamp": "2026-09-11T18:44:51.955548+00:00", "user_id": 95, "event_type": "clique", "product_id": 2, "product_name": "Smartphone", "price": 2200.0}
{"timestamp": "2026-09-11T18:44:53.957271+00:00", "user_id": 54, "event_type": "entrega", "product_id": 1, "product_name": "Notebook", "price": 3500.0}
{"timestamp": "2026-09-11T18:44:55.960026+00:00", "user_id": 29, "event_type": "compra", "product_id": 2, "product_name": "Smartphone", "price": 2200.0}
{"timestamp": "2026-09-11T18:44:57.962957+00:00", "user_id": 14, "event_type": "entrega", "product_id": 3, "product_name": "Fone de ouvido", "price": 250.0}
{"timestamp": "2026-09-11T18:44:59.964941+00:00", "user_id": 84, "event_type": "clique", "product_id": 2, "product_name": "Smartphone", "price": 2200.0}
{"timestamp": "2026-09-11T18:45:01.966737+00:00", "user_id": 48, "event_type": "clique", "product_id": 3, "product_name": "Fone de ouvido", "price": 250.0}
{"timestamp": "2026-09-11T18:45:03.974903+00:00", "user_id": 41, "event_type": "carrinho", "product_id": 4, "product_name": "Teclado", "price": 180.0}
{"timestamp": "2026-09-11T18:45:05.982088+00:00", "user_id": 2, "event_type": "entrega", "product_id": 4, "product_name": "Teclado", "price": 180.0}
{"timestamp": "2026-09-11T18:45:07.990753+00:00", "user_id": 44, "event_type": "entrega", "product_id": 5, "product_name": "Mouse", "price": 100.0}
{"timestamp": "2026-09-11T18:45:09.995393+00:00", "user_id": 41, "event_type": "carrinho", "product_id": 4, "product_name": "Teclado", "price": 180.0}
{"timestamp": "2026-09-11T18:45:11.997341+00:00", "user_id": 66, "event_type": "clique", "product_id": 4, "product_name": "Teclado", "price": 180.0}
{"timestamp": "2026-09-11T18:45:14.001110+00:00", "user_id": 88, "event_type": "clique", "product_id": 5, "product_name": "Mouse", "price": 100.0}
{"timestamp": "2026-09-11T18:45:16.002682+00:00", "user_id": 61, "event_type": "carrinho", "product_id": 1, "product_name": "Notebook", "price": 3500.0}
{"timestamp": "2026-09-11T18:45:18.004158+00:00", "user_id": 47, "event_type": "clique", "product_id": 1, "product_name": "Notebook", "price": 3500.0}
{"timestamp": "2026-09-11T18:45:20.005625+00:00", "user_id": 9, "event_type": "carrinho", "product_id": 4, "product_name": "Teclado", "price": 180.0}
{"timestamp": "2026-09-11T18:45:22.008233+00:00", "user_id": 81, "event_type": "compra", "product_id": 5, "product_name": "Mouse", "price": 100.0}
{"timestamp": "2026-09-11T18:45:24.010342+00:00", "user_id": 90, "event_type": "compra", "product_id": 4, "product_name": "Teclado", "price": 180.0}
{"timestamp": "2026-09-11T18:45:26.012039+00:00", "user_id": 83, "event_type": "compra", "product_id": 2, "product_name": "Smartphone", "price": 2200.0}
{"timestamp": "2026-09-11T18:45:28.014034+00:00", "user_id": 93, "event_type": "entrega", "product_id": 4, "product_name": "Teclado", "price": 180.0}
{"timestamp": "2026-09-11T18:45:30.017719+00:00", "user_id": 33, "event_type": "entrega", "product_id": 3, "product_name": "Fone de ouvido", "price": 250.0}
{"timestamp": "2026-09-11T18:45:32.020281+00:00", "user_id": 32, "event_type": "carrinho", "product_id": 2, "product_name": "Smartphone", "price": 2200.0}
{"timestamp": "2026-09-11T18:45:34.021692+00:00", "user_id": 95, "event_type": "carrinho", "product_id": 4, "product_name": "Teclado", "price": 180.0}
{"timestamp": "2026-09-11T18:45:36.023672+00:00", "user_id": 69, "event_type": "carrinho", "product_id": 5, "product_name": "Mouse", "price": 100.0}
{"timestamp": "2026-09-11T18:45:38.025975+00:00", "user_id": 84, "event_type": "entrega", "product_id": 1, "product_name": "Notebook", "price": 3500.0}
{"timestamp": "2026-09-11T18:45:40.028513+00:00", "user_id": 70, "event_type": "entrega", "product_id": 4, "product_name": "Teclado", "price": 180.0}
{"timestamp": "2026-09-11T18:45:42.030801+00:00", "user_id": 55, "event_type": "compra", "product_id": 5, "product_name": "Mouse", "price": 100.0}
{"timestamp": "2026-09-11T18:45:44.032390+00:00", "user_id": 96, "event_type": "clique", "product_id": 1, "product_name": "Notebook", "price": 3500.0}
{"timestamp": "2026-09-11T18:45:46.034501+00:00", "user_id": 31, "event_type": "clique", "product_id": 4, "product_name": "Teclado", "price": 180.0}
{"timestamp": "2026-09-11T18:45:48.036411+00:00", "user_id": 83, "event_type": "carrinho", "product_id": 3, "product_name": "Fone de ouvido", "price": 250.0}
{"timestamp": "2026-09-11T18:45:50.038874+00:00", "user_id": 94, "event_type": "clique", "product_id": 4, "product_name": "Teclado", "price": 180.0}
{"timestamp": "2026-09-11T18:45:52.040820+00:00", "user_id": 68, "event_type": "clique", "product_id": 4, "product_name": "Teclado", "price": 180.0}
{"timestamp": "2026-09-11T18:45:54.044038+00:00", "user_id": 36, "event_type": "entrega", "product_id": 2, "product_name": "Smartphone", "price": 2200.0}
{"timestamp": "2026-09-11T18:45:56.048883+00:00", "user_id": 50, "event_type": "entrega", "product_id": 1, "product_name": "Notebook", "price": 3500.0}
{"timestamp": "2026-09-11T18:45:58.051593+00:00", "user_id": 96, "event_type": "compra", "product_id": 1, "product_name": "Notebook", "price": 3500.0}
{"timestamp": "2026-09-11T18:46:00.053046+00:00", "user_id": 23, "event_type": "clique", "product_id": 2, "product_name": "Smartphone", "price": 2200.0}
{"timestamp": "2026-09-11T18:46:02.054262+00:00", "user_id": 12, "event_type": "carrinho", "product_id": 1, "product_name": "Notebook", "price": 3500.0}
{"timestamp": "2026-09-11T18:46:04.055928+00:00", "user_id": 1, "event_type": "clique", "product_id": 3, "product_name": "Fone de ouvido", "price": 250.0}
{"timestamp": "2026-09-11T18:46:06.060552+00:00", "user_id": 10, "event_type": "compra", "product_id": 4, "product_name": "Teclado", "price": 180.0}
{"timestamp": "2026-09-11T18:46:08.063503+00:00", "user_id": 17, "event_type": "compra", "product_id": 1, "product_name": "Notebook", "price": 3500.0}
{"timestamp": "2026-09-11T18:46:10.065862+00:00", "user_id": 75, "event_type": "carrinho", "product_id": 4, "product_name": "Teclado", "price": 180.0}
{"timestamp": "2026-09-11T18:46:12.068225+00:00", "user_id": 8, "event_type": "compra", "product_id": 4, "product_name": "Teclado", "price": 180.0}
{"timestamp": "2026-09-11T18:46:14.069579+00:00", "user_id": 6, "event_type": "compra", "product_id": 3, "product_name": "Fone de ouvido", "price": 250.0}
{"timestamp": "2026-09-11T18:46:16.071198+00:00", "user_id": 87, "event_type": "clique", "product_id": 1, "product_name": "Notebook", "price": 3500.0}
{"timestamp": "2026-09-11T18:46:18.073803+00:00", "user_id": 85, "event_type": "compra", "product_id": 5, "product_name": "Mouse", "price": 100.0}
{"timestamp": "2026-09-11T18:46:20.076492+00:00", "user_id": 55, "event_type": "compra", "product_id": 1, "product_name": "Notebook", "price": 3500.0}
{"timestamp": "2026-09-11T18:46:22.079198+00:00", "user_id": 47, "event_type": "entrega", "product_id": 4, "product_name": "Teclado", "price": 180.0}
{"timestamp": "2026-09-11T18:46:24.082606+00:00", "user_id": 30, "event_type": "clique", "product_id": 1, "product_name": "Notebook", "price": 3500.0}
{"timestamp": "2026-09-11T18:46:26.085465+00:00", "user_id": 49, "event_type": "carrinho", "product_id": 3, "product_name": "Fone de ouvido", "price": 250.0}
{"timestamp": "2026-09-11T18:46:28.086739+00:00", "user_id": 7, "event_type": "entrega", "product_id": 4, "product_name": "Teclado", "price": 180.0}
{"timestamp": "2026-09-11T18:46:30.088257+00:00", "user_id": 53, "event_type": "compra", "product_id": 4, "product_name": "Teclado", "price": 180.0}
{"timestamp": "2026-09-11T18:46:32.092156+00:00", "user_id": 63, "event_type": "compra", "product_id": 3, "product_name": "Fone de ouvido", "price": 250.0}
{"timestamp": "2026-09-11T18:46:34.095791+00:00", "user_id": 12, "event_type": "carrinho", "product_id": 5, "product_name": "Mouse", "price": 100.0}
{"timestamp": "2026-09-11T18:46:36.097265+00:00", "user_id": 54, "event_type": "compra", "product_id": 3, "product_name": "Fone de ouvido", "price": 250.0}
{"timestamp": "2026-09-11T18:46:38.099534+00:00", "user_id": 22, "event_type": "carrinho", "product_id": 5, "product_name": "Mouse", "price": 100.0}
{"timestamp": "2026-09-11T18:46:40.101144+00:00", "user_id": 94, "event_type": "carrinho", "product_id": 2, "product_name": "Smartphone", "price": 2200.0}
{"timestamp": "2026-09-11T18:46:42.102798+00:00", "user_id": 40, "event_type": "compra", "product_id": 2, "product_name": "Smartphone", "price": 2200.0}
{"timestamp": "2026-09-11T18:46:44.104903+00:00", "user_id": 63, "event_type": "clique", "product_id": 1, "product_name": "Notebook", "price": 3500.0}
{"timestamp": "2026-09-11T18:46:46.106610+00:00", "user_id": 29, "event_type": "carrinho", "product_id": 4, "product_name": "Teclado", "price": 180.0}
{"timestamp": "2026-09-11T18:46:48.107969+00:00", "user_id": 15, "event_type": "entrega", "product_id": 1, "product_name": "Notebook", "price": 3500.0}
{"timestamp": "2026-09-11T18:46:50.114030+00:00", "user_id": 27, "event_type": "carrinho", "product_id": 2, "product_name": "Smartphone", "price": 2200.0}
{"timestamp": "2026-09-11T18:46:52.117080+00:00", "user_id": 23, "event_type": "entrega", "product_id": 5, "product_name": "Mouse", "price": 100.0}
{"timestamp": "2026-09-11T18:46:54.119625+00:00", "user_id": 55, "event_type": "compra", "product_id": 4, "product_name": "Teclado", "price": 180.0}
{"timestamp": "2026-09-11T18:46:56.122586+00:00", "user_id": 44, "event_type": "compra", "product_id": 3, "product_name": "Fone de ouvido", "price": 250.0}
{"timestamp": "2026-09-11T18:46:58.127213+00:00", "user_id": 7, "event_type": "entrega", "product_id": 3, "product_name": "Fone de ouvido", "price": 250.0}
{"timestamp": "2026-09-11T18:47:00.128652+00:00", "user_id": 40, "event_type": "entrega", "product_id": 3, "product_name": "Fone de ouvido", "price": 250.0}
{"timestamp": "2026-09-11T18:47:02.130448+00:00", "user_id": 74, "event_type": "entrega", "product_id": 1, "product_name": "Notebook", "price": 3500.0}
{"timestamp": "2026-09-11T18:47:04.133021+00:00", "user_id": 87, "event_type": "entrega", "product_id": 1, "product_name": "Notebook", "price": 3500.0}
{"timestamp": "2026-09-11T18:47:06.137101+00:00", "user_id": 38, "event_type": "compra", "product_id": 1, "product_name": "Notebook", "price": 3500.0}
{"timestamp": "2026-09-11T18:47:08.138516+00:00", "user_id": 52, "event_type": "compra", "product_id": 5, "product_name": "Mouse", "price": 100.0}
{"timestamp": "2026-09-11T18:47:10.141385+00:00", "user_id": 22, "event_type": "entrega", "product_id": 3, "product_name": "Fone de ouvido", "price": 250.0}
{"timestamp": "2026-09-11T18:47:12.143277+00:00", "user_id": 76, "event_type": "carrinho", "product_id": 1, "product_name": "Notebook", "price": 3500.0}
{"timestamp": "2026-09-11T18:47:14.145230+00:00", "user_id": 81, "event_type": "compra", "product_id": 3, "product_name": "Fone de ouvido", "price": 250.0}
{"timestamp": "2026-09-11T18:47:16.147422+00:00", "user_id": 97, "event_type": "compra", "product_id": 3, "product_name": "Fone de ouvido", "price": 250.0}
{"timestamp": "2026-09-11T18:47:18.149634+00:00", "user_id": 61, "event_type": "carrinho", "product_id": 2, "product_name": "Smartphone", "price": 2200.0}
{"timestamp": "2026-09-11T18:47:20.152816+00:00", "user_id": 74, "event_type": "entrega", "product_id": 2, "product_name": "Smartphone", "price": 2200.0}
{"timestamp": "2026-09-11T18:47:22.155918+00:00", "user_id": 66, "event_type": "compra", "product_id": 5, "product_name": "Mouse", "price": 100.0}
{"timestamp": "2026-09-11T18:47:24.157611+00:00", "user_id": 72, "event_type": "carrinho", "product_id": 3, "product_name": "Fone de ouvido", "price": 250.0}
{"timestamp": "2026-09-11T18:47:26.159378+00:00", "user_id": 37, "event_type": "clique", "product_id": 1, "product_name": "Notebook", "price": 3500.0}
{"timestamp": "2026-09-11T18:47:28.161403+00:00", "user_id": 6, "event_type": "compra", "product_id": 2, "product_name": "Smartphone", "price": 2200.0}
{"timestamp": "2026-09-11T18:47:30.162724+00:00", "user_id": 19, "event_type": "entrega", "product_id": 2, "product_name": "Smartphone", "price": 2200.0}
{"timestamp": "2026-09-11T18:47:32.164495+00:00", "user_id": 6, "event_type": "compra", "product_id": 2, "product_name": "Smartphone", "price": 2200.0}
{"timestamp": "2026-09-11T18:47:34.165955+00:00", "user_id": 99, "event_type": "compra", "product_id": 2, "product_name": "Smartphone", "price": 2200.0}
{"timestamp": "2026-09-11T18:47:36.167235+00:00", "user_id": 87, "event_type": "clique", "product_id": 4, "product_name": "Teclado", "price": 180.0}
{"timestamp": "2026-09-11T18:47:38.168576+00:00", "user_id": 68, "event_type": "compra", "product_id": 2, "product_name": "Smartphone", "price": 2200.0}
{"timestamp": "2026-09-11T18:47:40.170132+00:00", "user_id": 6, "event_type": "entrega", "product_id": 1, "product_name": "Notebook", "price": 3500.0}
{"timestamp": "2026-09-11T18:47:42.171340+00:00", "user_id": 70, "event_type": "carrinho", "product_id": 5, "product_name": "Mouse", "price": 100.0}
{"timestamp": "2026-09-11T18:47:44.173526+00:00", "user_id": 9, "event_type": "carrinho", "product_id": 1, "product_name": "Notebook", "price": 3500.0}
{"timestamp": "2026-09-11T18:47:46.177316+00:00", "user_id": 79, "event_type": "compra", "product_id": 2, "product_name": "Smartphone", "price": 2200.0}
{"timestamp": "2026-09-11T18:47:48.180111+00:00", "user_id": 88, "event_type": "carrinho", "product_id": 2, "product_name": "Smartphone", "price": 2200.0}
{"timestamp": "2026-09-11T18:47:50.182423+00:00", "user_id": 1, "event_type": "compra", "product_id": 1, "product_name": "Notebook", "price": 3500.0}
{"timestamp": "2026-09-11T18:47:52.183403+00:00", "user_id": 100, "event_type": "clique", "product_id": 2, "product_name": "Smartphone", "price": 2200.0}
{"timestamp": "2026-09-11T18:47:54.185007+00:00", "user_id": 81, "event_type": "carrinho", "product_id": 2, "product_name": "Smartphone", "price": 2200.0}
{"timestamp": "2026-09-11T18:47:54.914072+00:00", "user_id": 73, "event_type": "compra", "product_id": 4, "product_name": "Teclado", "price": 180.0}
{"timestamp": "2026-09-11T18:47:56.188238+00:00", "user_id": 97, "event_type": "clique", "product_id": 5, "product_name": "Mouse", "price": 100.0}
{"timestamp": "2026-09-11T18:47:56.915032+00:00", "user_id": 100, "event_type": "compra", "product_id": 1, "product_name": "Notebook", "price": 3500.0}
{"timestamp": "2026-09-11T18:47:58.190346+00:00", "user_id": 63, "event_type": "clique", "product_id": 5, "product_name": "Mouse", "price": 100.0}
{"timestamp": "2026-09-11T18:47:58.915866+00:00", "user_id": 10, "event_type": "clique", "product_id": 5, "product_name": "Mouse", "price": 100.0}
{"timestamp": "2026-09-11T18:48:00.194398+00:00", "user_id": 74, "event_type": "clique", "product_id": 3, "product_name": "Fone de ouvido", "price": 250.0}
{"timestamp": "2026-09-11T18:48:00.917675+00:00", "user_id": 65, "event_type": "clique", "product_id": 1, "product_name": "Notebook", "price": 3500.0}
{"timestamp": "2026-09-11T18:48:02.198383+00:00", "user_id": 79, "event_type": "carrinho", "product_id": 1, "product_name": "Notebook", "price": 3500.0}
{"timestamp": "2026-09-11T18:48:02.919341+00:00", "user_id": 2, "event_type": "entrega", "product_id": 3, "product_name": "Fone de ouvido", "price": 250.0}
{"timestamp": "2026-09-11T18:48:04.203189+00:00", "user_id": 90, "event_type": "carrinho", "product_id": 4, "product_name": "Teclado", "price": 180.0}
{"timestamp": "2026-09-11T18:48:04.921090+00:00", "user_id": 7, "event_type": "clique", "product_id": 4, "product_name": "Teclado", "price": 180.0}
{"timestamp": "2026-09-11T18:48:06.204709+00:00", "user_id": 15, "event_type": "clique", "product_id": 5, "product_name": "Mouse", "price": 100.0}
{"timestamp": "2026-09-11T18:48:06.922957+00:00", "user_id": 7, "event_type": "compra", "product_id": 4, "product_name": "Teclado", "price": 180.0}
{"timestamp": "2026-09-11T18:48:08.206900+00:00", "user_id": 77, "event_type": "compra", "product_id": 1, "product_name": "Notebook", "price": 3500.0}
{"timestamp": "2026-09-11T18:48:08.924890+00:00", "user_id": 38, "event_type": "carrinho", "product_id": 3, "product_name": "Fone de ouvido", "price": 250.0}
{"timestamp": "2026-09-11T18:48:10.213684+00:00", "user_id": 82, "event_type": "compra", "product_id": 2, "product_name": "Smartphone", "price": 2200.0}
{"timestamp": "2026-09-11T18:48:10.927699+00:00", "user_id": 7, "event_type": "clique", "product_id": 2, "product_name": "Smartphone", "price": 2200.0}
{"timestamp": "2026-09-11T18:48:12.230041+00:00", "user_id": 64, "event_type": "entrega", "product_id": 1, "product_name": "Notebook", "price": 3500.0}
{"timestamp": "2026-09-11T18:48:12.930178+00:00", "user_id": 79, "event_type": "entrega", "product_id": 4, "product_name": "Teclado", "price": 180.0}
{"timestamp": "2026-09-11T18:48:14.243209+00:00", "user_id": 64, "event_type": "clique", "product_id": 1, "product_name": "Notebook", "price": 3500.0}
{"timestamp": "2026-09-11T18:48:14.931914+00:00", "user_id": 89, "event_type": "entrega", "product_id": 5, "product_name": "Mouse", "price": 100.0}
{"timestamp": "2026-09-11T18:48:16.245023+00:00", "user_id": 79, "event_type": "compra", "product_id": 5, "product_name": "Mouse", "price": 100.0}
{"timestamp": "2026-09-11T18:48:16.937668+00:00", "user_id": 94, "event_type": "entrega", "product_id": 5, "product_name": "Mouse", "price": 100.0}
{"timestamp": "2026-09-11T18:48:18.247379+00:00", "user_id": 98, "event_type": "compra", "product_id": 2, "product_name": "Smartphone", "price": 2200.0}
{"timestamp": "2026-09-11T18:48:18.939385+00:00", "user_id": 89, "event_type": "carrinho", "product_id": 5, "product_name": "Mouse", "price": 100.0}
{"timestamp": "2026-09-11T18:48:20.249081+00:00", "user_id": 100, "event_type": "carrinho", "product_id": 4, "product_name": "Teclado", "price": 180.0}
{"timestamp": "2026-09-11T18:48:20.941581+00:00", "user_id": 93, "event_type": "clique", "product_id": 5, "product_name": "Mouse", "price": 100.0}
{"timestamp": "2026-09-11T18:48:22.251804+00:00", "user_id": 40, "event_type": "carrinho", "product_id": 4, "product_name": "Teclado", "price": 180.0}
{"timestamp": "2026-09-11T18:48:22.944747+00:00", "user_id": 65, "event_type": "compra", "product_id": 4, "product_name": "Teclado", "price": 180.0}
{"timestamp": "2026-09-11T18:48:24.253186+00:00", "user_id": 10, "event_type": "carrinho", "product_id": 2, "product_name": "Smartphone", "price": 2200.0}
{"timestamp": "2026-09-11T18:48:24.946993+00:00", "user_id": 71, "event_type": "clique", "product_id": 1, "product_name": "Notebook", "price": 3500.0}
{"timestamp": "2026-09-11T18:48:26.255195+00:00", "user_id": 26, "event_type": "clique", "product_id": 4, "product_name": "Teclado", "price": 180.0}
{"timestamp": "2026-09-11T18:48:26.948670+00:00", "user_id": 17, "event_type": "carrinho", "product_id": 2, "product_name": "Smartphone", "price": 2200.0}
{"timestamp": "2026-09-11T18:48:28.257891+00:00", "user_id": 48, "event_type": "clique", "product_id": 2, "product_name": "Smartphone", "price": 2200.0}
{"timestamp": "2026-09-11T18:48:28.951561+00:00", "user_id": 68, "event_type": "compra", "product_id": 3, "product_name": "Fone de ouvido", "price": 250.0}
{"timestamp": "2026-09-11T18:48:30.259381+00:00", "user_id": 41, "event_type": "clique", "product_id": 4, "product_name": "Teclado", "price": 180.0}
{"timestamp": "2026-09-11T18:48:30.954171+00:00", "user_id": 83, "event_type": "carrinho", "product_id": 5, "product_name": "Mouse", "price": 100.0}
{"timestamp": "2026-09-11T18:48:32.262252+00:00", "user_id": 35, "event_type": "carrinho", "product_id": 5, "product_name": "Mouse", "price": 100.0}
{"timestamp": "2026-09-11T18:48:32.959903+00:00", "user_id": 83, "event_type": "compra", "product_id": 2, "product_name": "Smartphone", "price": 2200.0}
{"timestamp": "2026-09-11T18:48:34.265087+00:00", "user_id": 31, "event_type": "compra", "product_id": 4, "product_name": "Teclado", "price": 180.0}
{"timestamp": "2026-09-11T18:48:34.961065+00:00", "user_id": 60, "event_type": "carrinho", "product_id": 5, "product_name": "Mouse", "price": 100.0}
{"timestamp": "2026-09-11T18:48:36.268259+00:00", "user_id": 53, "event_type": "clique", "product_id": 5, "product_name": "Mouse", "price": 100.0}
{"timestamp": "2026-09-11T18:48:36.962313+00:00", "user_id": 54, "event_type": "entrega", "product_id": 5, "product_name": "Mouse", "price": 100.0}
{"timestamp": "2026-09-11T18:48:38.271087+00:00", "user_id": 82, "event_type": "carrinho", "product_id": 3, "product_name": "Fone de ouvido", "price": 250.0}
{"timestamp": "2026-09-11T18:48:38.965451+00:00", "user_id": 90, "event_type": "entrega", "product_id": 3, "product_name": "Fone de ouvido", "price": 250.0}
{"timestamp": "2026-09-11T18:48:40.272468+00:00", "user_id": 54, "event_type": "entrega", "product_id": 4, "product_name": "Teclado", "price": 180.0}
{"timestamp": "2026-09-11T18:48:40.966756+00:00", "user_id": 64, "event_type": "entrega", "product_id": 5, "product_name": "Mouse", "price": 100.0}
{"timestamp": "2026-09-11T18:48:42.275197+00:00", "user_id": 37, "event_type": "clique", "product_id": 4, "product_name": "Teclado", "price": 180.0}
{"timestamp": "2026-09-11T18:48:42.969692+00:00", "user_id": 97, "event_type": "entrega", "product_id": 4, "product_name": "Teclado", "price": 180.0}
{"timestamp": "2026-09-11T18:48:44.277138+00:00", "user_id": 86, "event_type": "compra", "product_id": 3, "product_name": "Fone de ouvido", "price": 250.0}
{"timestamp": "2026-09-11T18:48:44.973986+00:00", "user_id": 76, "event_type": "compra", "product_id": 5, "product_name": "Mouse", "price": 100.0}
{"timestamp": "2026-09-11T18:48:46.278819+00:00", "user_id": 75, "event_type": "clique", "product_id": 3, "product_name": "Fone de ouvido", "price": 250.0}
{"timestamp": "2026-09-11T18:48:46.977707+00:00", "user_id": 93, "event_type": "carrinho", "product_id": 2, "product_name": "Smartphone", "price": 2200.0}
{"timestamp": "2026-09-11T18:48:48.280394+00:00", "user_id": 46, "event_type": "clique", "product_id": 5, "product_name": "Mouse", "price": 100.0}
{"timestamp": "2026-09-11T18:48:48.979924+00:00", "user_id": 42, "event_type": "clique", "product_id": 3, "product_name": "Fone de ouvido", "price": 250.0}
{"timestamp": "2026-09-11T18:48:50.283729+00:00", "user_id": 49, "event_type": "carrinho", "product_id": 2, "product_name": "Smartphone", "price": 2200.0}
{"timestamp": "2026-09-11T18:48:50.981379+00:00", "user_id": 87, "event_type": "clique", "product_id": 1, "product_name": "Notebook", "price": 3500.0}
{"timestamp": "2026-09-11T18:48:52.286325+00:00", "user_id": 12, "event_type": "clique", "product_id": 5, "product_name": "Mouse", "price": 100.0}
{"timestamp": "2026-09-11T18:48:52.983364+00:00", "user_id": 92, "event_type": "entrega", "product_id": 5, "product_name": "Mouse", "price": 100.0}
{"timestamp": "2026-09-11T18:48:54.289023+00:00", "user_id": 11, "event_type": "compra", "product_id": 4, "product_name": "Teclado", "price": 180.0}
{"timestamp": "2026-09-11T18:48:54.986282+00:00", "user_id": 54, "event_type": "carrinho", "product_id": 5, "product_name": "Mouse", "price": 100.0}
{"timestamp": "2026-09-11T18:48:56.291281+00:00", "user_id": 60, "event_type": "clique", "product_id": 2, "product_name": "Smartphone", "price": 2200.0}
{"timestamp": "2026-09-11T18:48:56.989406+00:00", "user_id": 33, "event_type": "entrega", "product_id": 3, "product_name": "Fone de ouvido", "price": 250.0}
{"timestamp": "2026-09-11T18:48:58.292807+00:00", "user_id": 32, "event_type": "entrega", "product_id": 3, "product_name": "Fone de ouvido", "price": 250.0}
{"timestamp": "2026-09-11T18:48:58.992299+00:00", "user_id": 15, "event_type": "clique", "product_id": 2, "product_name": "Smartphone", "price": 2200.0}
{"timestamp": "2026-09-11T18:49:00.295411+00:00", "user_id": 46, "event_type": "carrinho", "product_id": 2, "product_name": "Smartphone", "price": 2200.0}
{"timestamp": "2026-09-11T18:49:00.993717+00:00", "user_id": 55, "event_type": "carrinho", "product_id": 3, "product_name": "Fone de ouvido", "price": 250.0}
{"timestamp": "2026-09-11T18:49:02.297343+00:00", "user_id": 77, "event_type": "compra", "product_id": 5, "product_name": "Mouse", "price": 100.0}
{"timestamp": "2026-09-11T18:49:04.298759+00:00", "user_id": 36, "event_type": "carrinho", "product_id": 2, "product_name": "Smartphone", "price": 2200.0}
{"timestamp": "2026-09-11T18:49:06.299997+00:00", "user_id": 82, "event_type": "compra", "product_id": 5, "product_name": "Mouse", "price": 100.0}
{"timestamp": "2026-09-11T18:49:08.301391+00:00", "user_id": 4, "event_type": "carrinho", "product_id": 1, "product_name": "Notebook", "price": 3500.0}
{"timestamp": "2026-09-11T18:49:10.304150+00:00", "user_id": 66, "event_type": "carrinho", "product_id": 4, "product_name": "Teclado", "price": 180.0}
{"timestamp": "2026-09-11T18:49:12.306799+00:00", "user_id": 55, "event_type": "carrinho", "product_id": 1, "product_name": "Notebook", "price": 3500.0}
{"timestamp": "2026-09-11T18:49:14.312656+00:00", "user_id": 35, "event_type": "clique", "product_id": 1, "product_name": "Notebook", "price": 3500.0}
{"timestamp": "2026-09-11T18:49:16.314316+00:00", "user_id": 34, "event_type": "compra", "product_id": 3, "product_name": "Fone de ouvido", "price": 250.0}
{"timestamp": "2026-09-11T18:49:18.318254+00:00", "user_id": 63, "event_type": "clique", "product_id": 2, "product_name": "Smartphone", "price": 2200.0}
{"timestamp": "2026-09-11T18:49:20.320402+00:00", "user_id": 64, "event_type": "entrega", "product_id": 3, "product_name": "Fone de ouvido", "price": 250.0}
{"timestamp": "2026-09-11T18:49:22.324980+00:00", "user_id": 68, "event_type": "compra", "product_id": 4, "product_name": "Teclado", "price": 180.0}
{"timestamp": "2026-09-11T18:49:24.327068+00:00", "user_id": 1, "event_type": "carrinho", "product_id": 2, "product_name": "Smartphone", "price": 2200.0}
{"timestamp": "2026-09-11T18:49:26.329026+00:00", "user_id": 39, "event_type": "compra", "product_id": 1, "product_name": "Notebook", "price": 3500.0}
{"timestamp": "2026-09-11T18:49:28.330069+00:00", "user_id": 10, "event_type": "compra", "product_id": 5, "product_name": "Mouse", "price": 100.0}
{"timestamp": "2026-09-11T18:49:30.331106+00:00", "user_id": 84, "event_type": "carrinho", "product_id": 2, "product_name": "Smartphone", "price": 2200.0}
{"timestamp": "2026-09-11T18:49:32.333331+00:00", "user_id": 55, "event_type": "compra", "product_id": 1, "product_name": "Notebook", "price": 3500.0}
{"timestamp": "2026-09-11T18:49:34.337430+00:00", "user_id": 4, "event_type": "carrinho", "product_id": 5, "product_name": "Mouse", "price": 100.0}
{"timestamp": "2026-09-11T18:49:36.339998+00:00", "user_id": 78, "event_type": "clique", "product_id": 3, "product_name": "Fone de ouvido", "price": 250.0}
{"timestamp": "2026-09-11T18:49:38.344174+00:00", "user_id": 14, "event_type": "carrinho", "product_id": 2, "product_name": "Smartphone", "price": 2200.0}
{"timestamp": "2026-09-11T18:49:40.345099+00:00", "user_id": 80, "event_type": "entrega", "product_id": 4, "product_name": "Teclado", "price": 180.0}
{"timestamp": "2026-09-11T18:49:42.348365+00:00", "user_id": 96, "event_type": "compra", "product_id": 3, "product_name": "Fone de ouvido", "price": 250.0}
{"timestamp": "2026-09-11T18:49:44.350407+00:00", "user_id": 35, "event_type": "compra", "product_id": 4, "product_name": "Teclado", "price": 180.0}
{"timestamp": "2026-09-11T18:49:46.358089+00:00", "user_id": 67, "event_type": "entrega", "product_id": 2, "product_name": "Smartphone", "price": 2200.0}
{"timestamp": "2026-09-11T18:49:48.360140+00:00", "user_id": 79, "event_type": "compra", "product_id": 3, "product_name": "Fone de ouvido", "price": 250.0}
{"timestamp": "2026-09-11T18:49:50.363529+00:00", "user_id": 73, "event_type": "entrega", "product_id": 1, "product_name": "Notebook", "price": 3500.0}
{"timestamp": "2026-09-11T18:49:52.365584+00:00", "user_id": 60, "event_type": "clique", "product_id": 1, "product_name": "Notebook", "price": 3500.0}
{"timestamp": "2026-09-11T18:49:54.367795+00:00", "user_id": 36, "event_type": "clique", "product_id": 1, "product_name": "Notebook", "price": 3500.0}
{"timestamp": "2026-09-11T18:49:56.374872+00:00", "user_id": 99, "event_type": "compra", "product_id": 5, "product_name": "Mouse", "price": 100.0}
{"timestamp": "2026-09-11T18:49:58.378902+00:00", "user_id": 8, "event_type": "compra", "product_id": 5, "product_name": "Mouse", "price": 100.0}
{"timestamp": "2026-09-11T18:50:00.380824+00:00", "user_id": 79, "event_type": "carrinho", "product_id": 3, "product_name": "Fone de ouvido", "price": 250.0}
{"timestamp": "2026-09-11T18:50:02.382210+00:00", "user_id": 25, "event_type": "carrinho", "product_id": 3, "product_name": "Fone de ouvido", "price": 250.0}
{"timestamp": "2026-09-11T18:50:04.383725+00:00", "user_id": 51, "event_type": "entrega", "product_id": 5, "product_name": "Mouse", "price": 100.0}
{"timestamp": "2026-09-11T18:50:06.385499+00:00", "user_id": 76, "event_type": "compra", "product_id": 3, "product_name": "Fone de ouvido", "price": 250.0}
{"timestamp": "2026-09-11T18:50:08.387717+00:00", "user_id": 41, "event_type": "carrinho", "product_id": 5, "product_name": "Mouse", "price": 100.0}
{"timestamp": "2026-09-11T18:50:10.389890+00:00", "user_id": 38, "event_type": "compra", "product_id": 5, "product_name": "Mouse", "price": 100.0}
{"timestamp": "2026-09-11T18:50:12.391909+00:00", "user_id": 28, "event_type": "carrinho", "product_id": 2, "product_name": "Smartphone", "price": 2200.0}
{"timestamp": "2026-09-11T18:50:14.395032+00:00", "user_id": 85, "event_type": "clique", "product_id": 3, "product_name": "Fone de ouvido", "price": 250.0}
{"timestamp": "2026-09-11T18:50:16.399391+00:00", "user_id": 43, "event_type": "entrega", "product_id": 2, "product_name": "Smartphone", "price": 2200.0}
{"timestamp": "2026-09-11T18:50:18.401271+00:00", "user_id": 29, "event_type": "entrega", "product_id": 2, "product_name": "Smartphone", "price": 2200.0}
{"timestamp": "2026-09-11T18:50:20.403845+00:00", "user_id": 80, "event_type": "carrinho", "product_id": 5, "product_name": "Mouse", "price": 100.0}
{"timestamp": "2026-09-11T18:50:22.405427+00:00", "user_id": 45, "event_type": "carrinho", "product_id": 2, "product_name": "Smartphone", "price": 2200.0}
{"timestamp": "2026-09-11T18:50:24.407592+00:00", "user_id": 79, "event_type": "clique", "product_id": 2, "product_name": "Smartphone", "price": 2200.0}
{"timestamp": "2026-09-11T18:50:26.409341+00:00", "user_id": 81, "event_type": "entrega", "product_id": 5, "product_name": "Mouse", "price": 100.0}
{"timestamp": "2026-09-11T18:50:28.411053+00:00", "user_id": 45, "event_type": "clique", "product_id": 4, "product_name": "Teclado", "price": 180.0}
{"timestamp": "2026-09-11T18:50:30.412521+00:00", "user_id": 62, "event_type": "compra", "product_id": 5, "product_name": "Mouse", "price": 100.0}
{"timestamp": "2026-09-11T18:50:32.413809+00:00", "user_id": 75, "event_type": "entrega", "product_id": 4, "product_name": "Teclado", "price": 180.0}
{"timestamp": "2026-09-11T18:50:34.415331+00:00", "user_id": 84, "event_type": "compra", "product_id": 5, "product_name": "Mouse", "price": 100.0}
{"timestamp": "2026-09-11T18:50:36.417723+00:00", "user_id": 79, "event_type": "entrega", "product_id": 4, "product_name": "Teclado", "price": 180.0}
{"timestamp": "2026-09-11T18:50:38.420721+00:00", "user_id": 22, "event_type": "entrega", "product_id": 1, "product_name": "Notebook", "price": 3500.0}
{"timestamp": "2026-09-11T18:50:40.425446+00:00", "user_id": 87, "event_type": "entrega", "product_id": 4, "product_name": "Teclado", "price": 180.0}
{"timestamp": "2026-09-11T18:50:42.427822+00:00", "user_id": 70, "event_type": "carrinho", "product_id": 3, "product_name": "Fone de ouvido", "price": 250.0}
{"timestamp": "2026-09-11T18:50:44.430099+00:00", "user_id": 30, "event_type": "carrinho", "product_id": 2, "product_name": "Smartphone", "price": 2200.0}
{"timestamp": "2026-09-11T18:50:46.432623+00:00", "user_id": 89, "event_type": "entrega", "product_id": 1, "product_name": "Notebook", "price": 3500.0}
{"timestamp": "2026-09-11T18:50:48.434351+00:00", "user_id": 29, "event_type": "clique", "product_id": 4, "product_name": "Teclado", "price": 180.0}
{"timestamp": "2026-09-11T18:50:50.438849+00:00", "user_id": 22, "event_type": "carrinho", "product_id": 1, "product_name": "Notebook", "price": 3500.0}
{"timestamp": "2026-09-11T18:50:52.440180+00:00", "user_id": 15, "event_type": "entrega", "product_id": 3, "product_name": "Fone de ouvido", "price": 250.0}
{"timestamp": "2026-09-11T18:50:54.442027+00:00", "user_id": 63, "event_type": "compra", "product_id": 4, "product_name": "Teclado", "price": 180.0}
{"timestamp": "2026-09-11T18:50:56.445184+00:00", "user_id": 67, "event_type": "carrinho", "product_id": 5, "product_name": "Mouse", "price": 100.0}
{"timestamp": "2026-09-11T18:50:58.447182+00:00", "user_id": 24, "event_type": "clique", "product_id": 5, "product_name": "Mouse", "price": 100.0}
{"timestamp": "2026-09-11T18:51:00.450280+00:00", "user_id": 14, "event_type": "compra", "product_id": 3, "product_name": "Fone de ouvido", "price": 250.0}
{"timestamp": "2026-09-11T18:51:02.453607+00:00", "user_id": 37, "event_type": "clique", "product_id": 1, "product_name": "Notebook", "price": 3500.0}
{"timestamp": "2026-09-11T18:51:04.457279+00:00", "user_id": 12, "event_type": "compra", "product_id": 1, "product_name": "Notebook", "price": 3500.0}
{"timestamp": "2026-09-11T18:51:06.458383+00:00", "user_id": 39, "event_type": "entrega", "product_id": 1, "product_name": "Notebook", "price": 3500.0}
{"timestamp": "2026-09-11T18:51:08.461322+00:00", "user_id": 55, "event_type": "carrinho", "product_id": 1, "product_name": "Notebook", "price": 3500.0}
{"timestamp": "2026-09-11T18:51:10.463850+00:00", "user_id": 63, "event_type": "compra", "product_id": 3, "product_name": "Fone de ouvido", "price": 250.0}
{"timestamp": "2026-09-11T18:51:12.467430+00:00", "user_id": 73, "event_type": "entrega", "product_id": 3, "product_name": "Fone de ouvido", "price": 250.0}
{"timestamp": "2026-09-11T18:51:14.473807+00:00", "user_id": 47, "event_type": "clique", "product_id": 2, "product_name": "Smartphone", "price": 2200.0}
{"timestamp": "2026-09-11T18:51:16.475093+00:00", "user_id": 69, "event_type": "compra", "product_id": 2, "product_name": "Smartphone", "price": 2200.0}
{"timestamp": "2026-09-11T18:51:18.477564+00:00", "user_id": 2, "event_type": "clique", "product_id": 2, "product_name": "Smartphone", "price": 2200.0}
{"timestamp": "2026-09-11T18:51:20.479838+00:00", "user_id": 4, "event_type": "compra", "product_id": 1, "product_name": "Notebook", "price": 3500.0}
{"timestamp": "2026-09-11T18:51:22.482235+00:00", "user_id": 37, "event_type": "carrinho", "product_id": 4, "product_name": "Teclado", "price": 180.0}
{"timestamp": "2026-09-11T18:51:24.483816+00:00", "user_id": 35, "event_type": "entrega", "product_id": 4, "product_name": "Teclado", "price": 180.0}
{"timestamp": "2026-09-11T18:51:26.485723+00:00", "user_id": 70, "event_type": "compra", "product_id": 4, "product_name": "Teclado", "price": 180.0}
{"timestamp": "2026-09-11T18:51:28.487912+00:00", "user_id": 5, "event_type": "compra", "product_id": 4, "product_name": "Teclado", "price": 180.0}
{"timestamp": "2026-09-11T18:51:30.489739+00:00", "user_id": 93, "event_type": "clique", "product_id": 4, "product_name": "Teclado", "price": 180.0}
{"timestamp": "2026-09-11T18:51:32.491126+00:00", "user_id": 39, "event_type": "carrinho", "product_id": 5, "product_name": "Mouse", "price": 100.0}
{"timestamp": "2026-09-11T18:51:34.493304+00:00", "user_id": 8, "event_type": "clique", "product_id": 2, "product_name": "Smartphone", "price": 2200.0}
{"timestamp": "2026-09-11T18:51:36.494431+00:00", "user_id": 59, "event_type": "entrega", "product_id": 5, "product_name": "Mouse", "price": 100.0}
{"timestamp": "2026-09-11T18:51:38.496337+00:00", "user_id": 72, "event_type": "entrega", "product_id": 2, "product_name": "Smartphone", "price": 2200.0}
{"timestamp": "2026-09-11T18:51:40.499104+00:00", "user_id": 24, "event_type": "carrinho", "product_id": 4, "product_name": "Teclado", "price": 180.0}
{"timestamp": "2026-09-11T18:51:42.501610+00:00", "user_id": 30, "event_type": "compra", "product_id": 2, "product_name": "Smartphone", "price": 2200.0}
{"timestamp": "2026-09-11T18:51:44.503713+00:00", "user_id": 69, "event_type": "compra", "product_id": 3, "product_name": "Fone de ouvido", "price": 250.0}
{"timestamp": "2026-09-11T18:51:46.509095+00:00", "user_id": 45, "event_type": "carrinho", "product_id": 4, "product_name": "Teclado", "price": 180.0}
{"timestamp": "2026-09-11T18:51:48.520922+00:00", "user_id": 19, "event_type": "clique", "product_id": 2, "product_name": "Smartphone", "price": 2200.0}
{"timestamp": "2026-09-11T18:51:50.525713+00:00", "user_id": 60, "event_type": "compra", "product_id": 2, "product_name": "Smartphone", "price": 2200.0}
{"timestamp": "2026-09-11T18:51:52.527551+00:00", "user_id": 95, "event_type": "clique", "product_id": 2, "product_name": "Smartphone", "price": 2200.0}
{"timestamp": "2026-09-11T18:51:54.530422+00:00", "user_id": 18, "event_type": "entrega", "product_id": 1, "product_name": "Notebook", "price": 3500.0}
{"timestamp": "2026-09-11T18:51:56.535264+00:00", "user_id": 32, "event_type": "carrinho", "product_id": 2, "product_name": "Smartphone", "price": 2200.0}
{"timestamp": "2026-09-11T18:51:58.537316+00:00", "user_id": 20, "event_type": "carrinho", "product_id": 4, "product_name": "Teclado", "price": 180.0}
{"timestamp": "2026-09-11T18:52:00.539116+00:00", "user_id": 11, "event_type": "clique", "product_id": 5, "product_name": "Mouse", "price": 100.0}
{"timestamp": "2026-09-11T18:52:02.541646+00:00", "user_id": 89, "event_type": "entrega", "product_id": 4, "product_name": "Teclado", "price": 180.0}
{"timestamp": "2026-09-11T18:52:04.544411+00:00", "user_id": 73, "event_type": "entrega", "product_id": 3, "product_name": "Fone de ouvido", "price": 250.0}
{"timestamp": "2026-09-11T18:52:06.547447+00:00", "user_id": 38, "event_type": "entrega", "product_id": 3, "product_name": "Fone de ouvido", "price": 250.0}
{"timestamp": "2026-09-11T18:52:08.549779+00:00", "user_id": 43, "event_type": "clique", "product_id": 1, "product_name": "Notebook", "price": 3500.0}
{"timestamp": "2026-09-11T18:52:10.553749+00:00", "user_id": 63, "event_type": "entrega", "product_id": 4, "product_name": "Teclado", "price": 180.0}
{"timestamp": "2026-09-11T18:52:12.556802+00:00", "user_id": 79, "event_type": "clique", "product_id": 5, "product_name": "Mouse", "price": 100.0}
{"timestamp": "2026-09-11T18:52:14.559682+00:00", "user_id": 77, "event_type": "clique", "product_id": 4, "product_name": "Teclado", "price": 180.0}
{"timestamp": "2026-09-11T18:52:16.562222+00:00", "user_id": 62, "event_type": "compra", "product_id": 5, "product_name": "Mouse", "price": 100.0}
{"timestamp": "2026-09-11T18:52:18.564694+00:00", "user_id": 46, "event_type": "entrega", "product_id": 5, "product_name": "Mouse", "price": 100.0}
{"timestamp": "2026-09-11T18:52:20.569687+00:00", "user_id": 13, "event_type": "carrinho", "product_id": 3, "product_name": "Fone de ouvido", "price": 250.0}
{"timestamp": "2026-09-11T18:52:22.572976+00:00", "user_id": 16, "event_type": "entrega", "product_id": 4, "product_name": "Teclado", "price": 180.0}
{"timestamp": "2026-09-11T18:52:24.575287+00:00", "user_id": 76, "event_type": "clique", "product_id": 5, "product_name": "Mouse", "price": 100.0}
{"timestamp": "2026-09-11T18:52:26.579810+00:00", "user_id": 52, "event_type": "clique", "product_id": 2, "product_name": "Smartphone", "price": 2200.0}
{"timestamp": "2026-09-11T18:52:28.582266+00:00", "user_id": 23, "event_type": "clique", "product_id": 5, "product_name": "Mouse", "price": 100.0}
{"timestamp": "2026-09-11T18:52:30.586172+00:00", "user_id": 78, "event_type": "carrinho", "product_id": 4, "product_name": "Teclado", "price": 180.0}
{"timestamp": "2026-09-11T18:52:32.587980+00:00", "user_id": 81, "event_type": "carrinho", "product_id": 5, "product_name": "Mouse", "price": 100.0}
{"timestamp": "2026-09-11T18:52:34.590013+00:00", "user_id": 6, "event_type": "carrinho", "product_id": 2, "product_name": "Smartphone", "price": 2200.0}
{"timestamp": "2026-09-11T18:52:36.592603+00:00", "user_id": 49, "event_type": "carrinho", "product_id": 4, "product_name": "Teclado", "price": 180.0}
{"timestamp": "2026-09-11T18:52:38.594864+00:00", "user_id": 34, "event_type": "clique", "product_id": 4, "product_name": "Teclado", "price": 180.0}
{"timestamp": "2026-09-11T18:52:40.598820+00:00", "user_id": 35, "event_type": "entrega", "product_id": 3, "product_name": "Fone de ouvido", "price": 250.0}
{"timestamp": "2026-09-11T18:52:42.600286+00:00", "user_id": 82, "event_type": "entrega", "product_id": 2, "product_name": "Smartphone", "price": 2200.0}
{"timestamp": "2026-09-11T18:52:44.602124+00:00", "user_id": 46, "event_type": "carrinho", "product_id": 1, "product_name": "Notebook", "price": 3500.0}
{"timestamp": "2026-09-11T18:52:46.603346+00:00", "user_id": 56, "event_type": "clique", "product_id": 2, "product_name": "Smartphone", "price": 2200.0}
{"timestamp": "2026-09-11T18:52:48.605751+00:00", "user_id": 96, "event_type": "clique", "product_id": 1, "product_name": "Notebook", "price": 3500.0}
{"timestamp": "2026-09-11T18:52:50.609115+00:00", "user_id": 27, "event_type": "entrega", "product_id": 5, "product_name": "Mouse", "price": 100.0}
{"timestamp": "2026-09-11T18:52:52.611878+00:00", "user_id": 97, "event_type": "compra", "product_id": 1, "product_name": "Notebook", "price": 3500.0}
{"timestamp": "2026-09-11T18:52:54.614811+00:00", "user_id": 15, "event_type": "carrinho", "product_id": 5, "product_name": "Mouse", "price": 100.0}
{"timestamp": "2026-09-11T18:52:56.616878+00:00", "user_id": 5, "event_type": "entrega", "product_id": 3, "product_name": "Fone de ouvido", "price": 250.0}
{"timestamp": "2026-09-11T18:52:58.619619+00:00", "user_id": 91, "event_type": "compra", "product_id": 2, "product_name": "Smartphone", "price": 2200.0}
{"timestamp": "2026-09-11T18:53:00.623017+00:00", "user_id": 23, "event_type": "entrega", "product_id": 5, "product_name": "Mouse", "price": 100.0}
{"timestamp": "2026-09-11T18:53:02.625187+00:00", "user_id": 66, "event_type": "compra", "product_id": 1, "product_name": "Notebook", "price": 3500.0}
{"timestamp": "2026-09-11T18:53:04.632205+00:00", "user_id": 6, "event_type": "entrega", "product_id": 4, "product_name": "Teclado", "price": 180.0}
{"timestamp": "2026-09-11T18:53:06.634635+00:00", "user_id": 20, "event_type": "compra", "product_id": 5, "product_name": "Mouse", "price": 100.0}
{"timestamp": "2026-09-11T18:53:08.637437+00:00", "user_id": 88, "event_type": "compra", "product_id": 4, "product_name": "Teclado", "price": 180.0}
{"timestamp": "2026-09-11T18:53:10.638823+00:00", "user_id": 89, "event_type": "clique", "product_id": 3, "product_name": "Fone de ouvido", "price": 250.0}
{"timestamp": "2026-09-11T18:53:12.641676+00:00", "user_id": 61, "event_type": "carrinho", "product_id": 3, "product_name": "Fone de ouvido", "price": 250.0}
{"timestamp": "2026-09-11T18:53:14.643905+00:00", "user_id": 18, "event_type": "compra", "product_id": 3, "product_name": "Fone de ouvido", "price": 250.0}
{"timestamp": "2026-09-11T18:53:16.646781+00:00", "user_id": 55, "event_type": "compra", "product_id": 1, "product_name": "Notebook", "price": 3500.0}
{"timestamp": "2026-09-11T18:53:18.648909+00:00", "user_id": 71, "event_type": "compra", "product_id": 4, "product_name": "Teclado", "price": 180.0}
{"timestamp": "2026-09-11T18:53:20.651217+00:00", "user_id": 13, "event_type": "clique", "product_id": 1, "product_name": "Notebook", "price": 3500.0}
{"timestamp": "2026-09-11T18:53:22.653781+00:00", "user_id": 57, "event_type": "compra", "product_id": 5, "product_name": "Mouse", "price": 100.0}
{"timestamp": "2026-09-11T18:53:24.655700+00:00", "user_id": 27, "event_type": "compra", "product_id": 2, "product_name": "Smartphone", "price": 2200.0}
{"timestamp": "2026-09-11T18:53:26.657745+00:00", "user_id": 53, "event_type": "clique", "product_id": 5, "product_name": "Mouse", "price": 100.0}
{"timestamp": "2026-09-11T18:53:28.660275+00:00", "user_id": 64, "event_type": "entrega", "product_id": 4, "product_name": "Teclado", "price": 180.0}
{"timestamp": "2026-09-11T18:53:30.662354+00:00", "user_id": 31, "event_type": "compra", "product_id": 5, "product_name": "Mouse", "price": 100.0}
{"timestamp": "2026-09-11T18:53:32.664273+00:00", "user_id": 7, "event_type": "compra", "product_id": 2, "product_name": "Smartphone", "price": 2200.0}
{"timestamp": "2026-09-11T18:53:34.665817+00:00", "user_id": 70, "event_type": "clique", "product_id": 5, "product_name": "Mouse", "price": 100.0}
{"timestamp": "2026-09-11T18:53:36.667562+00:00", "user_id": 74, "event_type": "carrinho", "product_id": 4, "product_name": "Teclado", "price": 180.0}
{"timestamp": "2026-09-11T18:53:38.669642+00:00", "user_id": 10, "event_type": "clique", "product_id": 3, "product_name": "Fone de ouvido", "price": 250.0}
{"timestamp": "2026-09-11T18:53:40.671970+00:00", "user_id": 83, "event_type": "clique", "product_id": 2, "product_name": "Smartphone", "price": 2200.0}
{"timestamp": "2026-09-11T18:53:42.674195+00:00", "user_id": 52, "event_type": "entrega", "product_id": 4, "product_name": "Teclado", "price": 180.0}
{"timestamp": "2026-09-11T18:53:44.678714+00:00", "user_id": 39, "event_type": "clique", "product_id": 2, "product_name": "Smartphone", "price": 2200.0}
{"timestamp": "2026-09-11T18:53:46.681058+00:00", "user_id": 72, "event_type": "entrega", "product_id": 3, "product_name": "Fone de ouvido", "price": 250.0}
{"timestamp": "2026-09-11T18:53:48.683827+00:00", "user_id": 70, "event_type": "carrinho", "product_id": 2, "product_name": "Smartphone", "price": 2200.0}
{"timestamp": "2026-09-11T18:53:50.688251+00:00", "user_id": 48, "event_type": "clique", "product_id": 2, "product_name": "Smartphone", "price": 2200.0}
{"timestamp": "2026-09-11T18:53:52.690244+00:00", "user_id": 82, "event_type": "compra", "product_id": 1, "product_name": "Notebook", "price": 3500.0}
{"timestamp": "2026-09-11T18:53:54.694946+00:00", "user_id": 21, "event_type": "entrega", "product_id": 5, "product_name": "Mouse", "price": 100.0}
{"timestamp": "2026-09-11T18:53:56.696516+00:00", "user_id": 4, "event_type": "clique", "product_id": 2, "product_name": "Smartphone", "price": 2200.0}
{"timestamp": "2026-09-11T18:53:58.698250+00:00", "user_id": 22, "event_type": "compra", "product_id": 5, "product_name": "Mouse", "price": 100.0}
{"timestamp": "2026-09-11T18:54:00.700068+00:00", "user_id": 14, "event_type": "entrega", "product_id": 2, "product_name": "Smartphone", "price": 2200.0}
{"timestamp": "2026-09-11T18:54:02.702014+00:00", "user_id": 82, "event_type": "clique", "product_id": 5, "product_name": "Mouse", "price": 100.0}
{"timestamp": "2026-09-11T18:54:04.704202+00:00", "user_id": 12, "event_type": "entrega", "product_id": 1, "product_name": "Notebook", "price": 3500.0}
{"timestamp": "2026-09-11T18:54:06.706111+00:00", "user_id": 70, "event_type": "entrega", "product_id": 1, "product_name": "Notebook", "price": 3500.0}
{"timestamp": "2026-09-11T18:54:47.265923+00:00", "user_id": 22, "event_type": "carrinho", "product_id": 5, "product_name": "Mouse", "price": 100.0}
{"timestamp": "2026-09-11T18:54:49.267209+00:00", "user_id": 45, "event_type": "clique", "product_id": 4, "product_name": "Teclado", "price": 180.0}
{"timestamp": "2026-09-11T18:54:51.269457+00:00", "user_id": 87, "event_type": "compra", "product_id": 4, "product_name": "Teclado", "price": 180.0}
{"timestamp": "2026-09-11T18:54:53.272169+00:00", "user_id": 23, "event_type": "entrega", "product_id": 4, "product_name": "Teclado", "price": 180.0}
{"timestamp": "2026-09-11T18:54:55.276818+00:00", "user_id": 12, "event_type": "clique", "product_id": 2, "product_name": "Smartphone", "price": 2200.0}
{"timestamp": "2026-09-11T18:54:57.278283+00:00", "user_id": 31, "event_type": "compra", "product_id": 5, "product_name": "Mouse", "price": 100.0}
{"timestamp": "2026-09-11T18:54:59.279724+00:00", "user_id": 96, "event_type": "carrinho", "product_id": 2, "product_name": "Smartphone", "price": 2200.0}
{"timestamp": "2026-09-11T18:55:01.283462+00:00", "user_id": 13, "event_type": "carrinho", "product_id": 4, "product_name": "Teclado", "price": 180.0}
{"timestamp": "2026-09-11T18:55:03.288608+00:00", "user_id": 1, "event_type": "compra", "product_id": 3, "product_name": "Fone de ouvido", "price": 250.0}
{"timestamp": "2026-09-11T18:55:05.290385+00:00", "user_id": 94, "event_type": "carrinho", "product_id": 5, "product_name": "Mouse", "price": 100.0}
{"timestamp": "2026-09-11T18:55:07.291994+00:00", "user_id": 76, "event_type": "carrinho", "product_id": 3, "product_name": "Fone de ouvido", "price": 250.0}
{"timestamp": "2026-09-11T18:55:09.294010+00:00", "user_id": 34, "event_type": "carrinho", "product_id": 4, "product_name": "Teclado", "price": 180.0}
{"timestamp": "2026-09-11T18:55:11.296235+00:00", "user_id": 64, "event_type": "clique", "product_id": 4, "product_name": "Teclado", "price": 180.0}
{"timestamp": "2026-09-11T18:55:13.298025+00:00", "user_id": 80, "event_type": "clique", "product_id": 5, "product_name": "Mouse", "price": 100.0}
{"timestamp": "2026-09-11T18:55:15.300124+00:00", "user_id": 88, "event_type": "carrinho", "product_id": 5, "product_name": "Mouse", "price": 100.0}
{"timestamp": "2026-09-11T18:55:17.302220+00:00", "user_id": 82, "event_type": "carrinho", "product_id": 4, "product_name": "Teclado", "price": 180.0}
{"timestamp": "2026-09-11T18:55:19.303841+00:00", "user_id": 82, "event_type": "carrinho", "product_id": 5, "product_name": "Mouse", "price": 100.0}
{"timestamp": "2026-09-11T18:55:21.305396+00:00", "user_id": 72, "event_type": "entrega", "product_id": 5, "product_name": "Mouse", "price": 100.0}
{"timestamp": "2026-09-11T18:55:23.307002+00:00", "user_id": 61, "event_type": "clique", "product_id": 1, "product_name": "Notebook", "price": 3500.0}
{"timestamp": "2026-09-11T18:55:25.309622+00:00", "user_id": 92, "event_type": "compra", "product_id": 3, "product_name": "Fone de ouvido", "price": 250.0}
{"timestamp": "2026-09-11T18:55:27.311565+00:00", "user_id": 75, "event_type": "carrinho", "product_id": 5, "product_name": "Mouse", "price": 100.0}
{"timestamp": "2026-09-11T18:55:29.315569+00:00", "user_id": 97, "event_type": "clique", "product_id": 5, "product_name": "Mouse", "price": 100.0}
{"timestamp": "2026-09-11T18:55:31.317484+00:00", "user_id": 49, "event_type": "compra", "product_id": 4, "product_name": "Teclado", "price": 180.0}
{"timestamp": "2026-09-11T18:55:33.319192+00:00", "user_id": 62, "event_type": "entrega", "product_id": 4, "product_name": "Teclado", "price": 180.0}
{"timestamp": "2026-09-11T18:55:35.323231+00:00", "user_id": 91, "event_type": "compra", "product_id": 4, "product_name": "Teclado", "price": 180.0}
{"timestamp": "2026-09-11T18:55:37.325742+00:00", "user_id": 28, "event_type": "entrega", "product_id": 5, "product_name": "Mouse", "price": 100.0}
{"timestamp": "2026-09-11T18:55:39.327368+00:00", "user_id": 60, "event_type": "entrega", "product_id": 5, "product_name": "Mouse", "price": 100.0}
{"timestamp": "2026-09-11T18:55:41.328674+00:00", "user_id": 95, "event_type": "clique", "product_id": 4, "product_name": "Teclado", "price": 180.0}
{"timestamp": "2026-09-11T18:55:43.330976+00:00", "user_id": 85, "event_type": "entrega", "product_id": 4, "product_name": "Teclado", "price": 180.0}
{"timestamp": "2026-09-11T18:55:45.332849+00:00", "user_id": 55, "event_type": "carrinho", "product_id": 2, "product_name": "Smartphone", "price": 2200.0}
{"timestamp": "2026-09-11T18:55:47.335759+00:00", "user_id": 55, "event_type": "clique", "product_id": 1, "product_name": "Notebook", "price": 3500.0}
{"timestamp": "2026-09-11T18:55:49.337821+00:00", "user_id": 35, "event_type": "compra", "product_id": 2, "product_name": "Smartphone", "price": 2200.0}
{"timestamp": "2026-09-11T18:55:51.338766+00:00", "user_id": 72, "event_type": "clique", "product_id": 2, "product_name": "Smartphone", "price": 2200.0}
{"timestamp": "2026-09-11T18:55:53.340200+00:00", "user_id": 2, "event_type": "clique", "product_id": 2, "product_name": "Smartphone", "price": 2200.0}
{"timestamp": "2026-09-11T18:55:55.342727+00:00", "user_id": 86, "event_type": "clique", "product_id": 4, "product_name": "Teclado", "price": 180.0}
{"timestamp": "2026-09-11T18:55:57.344666+00:00", "user_id": 88, "event_type": "carrinho", "product_id": 1, "product_name": "Notebook", "price": 3500.0}
{"timestamp": "2026-09-11T18:55:59.346961+00:00", "user_id": 65, "event_type": "clique", "product_id": 5, "product_name": "Mouse", "price": 100.0}
{"timestamp": "2026-09-11T18:56:01.350540+00:00", "user_id": 94, "event_type": "clique", "product_id": 3, "product_name": "Fone de ouvido", "price": 250.0}
{"timestamp": "2026-09-11T18:56:03.352057+00:00", "user_id": 62, "event_type": "clique", "product_id": 2, "product_name": "Smartphone", "price": 2200.0}
{"timestamp": "2026-09-11T18:56:05.356875+00:00", "user_id": 69, "event_type": "compra", "product_id": 4, "product_name": "Teclado", "price": 180.0}
{"timestamp": "2026-09-11T19:12:36.023762+00:00", "user_id": 31, "event_type": "carrinho", "product_id": 4, "product_name": "Teclado", "price": 180.0}
{"timestamp": "2026-09-11T19:12:38.024712+00:00", "user_id": 84, "event_type": "clique", "product_id": 2, "product_name": "Smartphone", "price": 2200.0}
{"timestamp": "2026-09-11T19:12:40.026015+00:00", "user_id": 60, "event_type": "clique", "product_id": 4, "product_name": "Teclado", "price": 180.0}
{"timestamp": "2026-09-11T19:12:42.032737+00:00", "user_id": 79, "event_type": "compra", "product_id": 1, "product_name": "Notebook", "price": 3500.0}
{"timestamp": "2026-09-11T19:12:44.042769+00:00", "user_id": 68, "event_type": "compra", "product_id": 1, "product_name": "Notebook", "price": 3500.0}
{"timestamp": "2026-09-11T19:12:46.044354+00:00", "user_id": 94, "event_type": "entrega", "product_id": 2, "product_name": "Smartphone", "price": 2200.0}
{"timestamp": "2026-09-11T19:12:48.046130+00:00", "user_id": 62, "event_type": "clique", "product_id": 2, "product_name": "Smartphone", "price": 2200.0}
{"timestamp": "2026-09-11T19:12:50.048352+00:00", "user_id": 42, "event_type": "carrinho", "product_id": 1, "product_name": "Notebook", "price": 3500.0}
{"timestamp": "2026-09-11T19:12:52.050369+00:00", "user_id": 51, "event_type": "entrega", "product_id": 2, "product_name": "Smartphone", "price": 2200.0}
{"timestamp": "2026-09-11T19:12:54.052135+00:00", "user_id": 23, "event_type": "entrega", "product_id": 4, "product_name": "Teclado", "price": 180.0}
{"timestamp": "2026-09-11T19:12:56.055356+00:00", "user_id": 71, "event_type": "clique", "product_id": 1, "product_name": "Notebook", "price": 3500.0}
{"timestamp": "2026-09-11T19:12:58.057913+00:00", "user_id": 12, "event_type": "compra", "product_id": 3, "product_name": "Fone de ouvido", "price": 250.0}
{"timestamp": "2026-09-11T19:13:00.059936+00:00", "user_id": 32, "event_type": "compra", "product_id": 3, "product_name": "Fone de ouvido", "price": 250.0}
{"timestamp": "2026-09-11T19:13:02.061771+00:00", "user_id": 92, "event_type": "carrinho", "product_id": 4, "product_name": "Teclado", "price": 180.0}
{"timestamp": "2026-09-11T19:30:55.070048+00:00", "user_id": 26, "event_type": "compra", "product_id": 4, "product_name": "Teclado", "price": 180.0}
{"timestamp": "2026-09-11T19:30:57.073624+00:00", "user_id": 53, "event_type": "entrega", "product_id": 1, "product_name": "Notebook", "price": 3500.0}
{"timestamp": "2026-09-11T19:30:59.076627+00:00", "user_id": 55, "event_type": "compra", "product_id": 2, "product_name": "Smartphone", "price": 2200.0}
{"timestamp": "2026-09-11T19:31:01.080190+00:00", "user_id": 100, "event_type": "entrega", "product_id": 2, "product_name": "Smartphone", "price": 2200.0}
{"timestamp": "2026-09-11T19:31:03.084580+00:00", "user_id": 70, "event_type": "entrega", "product_id": 3, "product_name": "Fone de ouvido", "price": 250.0}
{"timestamp": "2026-09-11T19:31:05.090989+00:00", "user_id": 89, "event_type": "compra", "product_id": 1, "product_name": "Notebook", "price": 3500.0}
{"timestamp": "2026-09-11T19:31:07.104441+00:00", "user_id": 24, "event_type": "carrinho", "product_id": 1, "product_name": "Notebook", "price": 3500.0}
{"timestamp": "2026-09-11T19:31:09.107356+00:00", "user_id": 33, "event_type": "entrega", "product_id": 5, "product_name": "Mouse", "price": 100.0}
{"timestamp": "2026-09-11T19:31:11.109527+00:00", "user_id": 13, "event_type": "entrega", "product_id": 3, "product_name": "Fone de ouvido", "price": 250.0}
{"timestamp": "2026-09-11T19:31:13.111531+00:00", "user_id": 54, "event_type": "clique", "product_id": 2, "product_name": "Smartphone", "price": 2200.0}
{"timestamp": "2026-09-11T19:31:15.112713+00:00", "user_id": 20, "event_type": "clique", "product_id": 2, "product_name": "Smartphone", "price": 2200.0}
{"timestamp": "2026-09-11T19:31:17.113965+00:00", "user_id": 37, "event_type": "carrinho", "product_id": 1, "product_name": "Notebook", "price": 3500.0}
{"timestamp": "2026-09-11T19:31:19.116960+00:00", "user_id": 34, "event_type": "clique", "product_id": 3, "product_name": "Fone de ouvido", "price": 250.0}
{"timestamp": "2026-09-11T19:31:21.119140+00:00", "user_id": 2, "event_type": "compra", "product_id": 5, "product_name": "Mouse", "price": 100.0}
{"timestamp": "2026-09-11T19:31:23.125009+00:00", "user_id": 89, "event_type": "carrinho", "product_id": 1, "product_name": "Notebook", "price": 3500.0}
{"timestamp": "2026-09-11T19:31:25.136651+00:00", "user_id": 31, "event_type": "clique", "product_id": 5, "product_name": "Mouse", "price": 100.0}
{"timestamp": "2026-09-11T19:31:27.140292+00:00", "user_id": 64, "event_type": "clique", "product_id": 2, "product_name": "Smartphone", "price": 2200.0}
{"timestamp": "2026-09-11T19:31:29.142266+00:00", "user_id": 57, "event_type": "compra", "product_id": 3, "product_name": "Fone de ouvido", "price": 250.0}
{"timestamp": "2026-09-11T19:31:31.147243+00:00", "user_id": 7, "event_type": "carrinho", "product_id": 2, "product_name": "Smartphone", "price": 2200.0}
{"timestamp": "2026-09-11T19:31:33.151279+00:00", "user_id": 31, "event_type": "clique", "product_id": 1, "product_name": "Notebook", "price": 3500.0}
{"timestamp": "2026-09-11T19:31:35.154686+00:00", "user_id": 68, "event_type": "clique", "product_id": 1, "product_name": "Notebook", "price": 3500.0}
{"timestamp": "2026-09-11T19:31:37.156480+00:00", "user_id": 20, "event_type": "clique", "product_id": 4, "product_name": "Teclado", "price": 180.0}
{"timestamp": "2026-09-11T19:31:39.158724+00:00", "user_id": 65, "event_type": "entrega", "product_id": 3, "product_name": "Fone de ouvido", "price": 250.0}
{"timestamp": "2026-09-11T19:31:41.161763+00:00", "user_id": 4, "event_type": "clique", "product_id": 1, "product_name": "Notebook", "price": 3500.0}
{"timestamp": "2026-09-11T19:31:43.163729+00:00", "user_id": 38, "event_type": "clique", "product_id": 4, "product_name": "Teclado", "price": 180.0}
{"timestamp": "2026-09-11T19:31:45.166279+00:00", "user_id": 85, "event_type": "carrinho", "product_id": 4, "product_name": "Teclado", "price": 180.0}
{"timestamp": "2026-09-11T19:31:47.171670+00:00", "user_id": 26, "event_type": "compra", "product_id": 3, "product_name": "Fone de ouvido", "price": 250.0}
{"timestamp": "2026-09-11T19:31:49.173735+00:00", "user_id": 97, "event_type": "compra", "product_id": 1, "product_name": "Notebook", "price": 3500.0}
{"timestamp": "2026-09-11T19:31:51.175788+00:00", "user_id": 57, "event_type": "carrinho", "product_id": 1, "product_name": "Notebook", "price": 3500.0}
{"timestamp": "2026-09-11T19:31:53.178247+00:00", "user_id": 5, "event_type": "carrinho", "product_id": 4, "product_name": "Teclado", "price": 180.0}
{"timestamp": "2026-09-11T19:31:55.179698+00:00", "user_id": 75, "event_type": "compra", "product_id": 1, "product_name": "Notebook", "price": 3500.0}
{"timestamp": "2026-09-11T19:31:57.182059+00:00", "user_id": 18, "event_type": "compra", "product_id": 2, "product_name": "Smartphone", "price": 2200.0}
{"timestamp": "2026-09-11T19:31:59.185097+00:00", "user_id": 12, "event_type": "clique", "product_id": 2, "product_name": "Smartphone", "price": 2200.0}
{"timestamp": "2026-09-11T19:32:01.189510+00:00", "user_id": 30, "event_type": "clique", "product_id": 1, "product_name": "Notebook", "price": 3500.0}
{"timestamp": "2026-09-11T19:32:03.191017+00:00", "user_id": 32, "event_type": "entrega", "product_id": 3, "product_name": "Fone de ouvido", "price": 250.0}
{"timestamp": "2026-09-11T19:32:05.192971+00:00", "user_id": 13, "event_type": "carrinho", "product_id": 3, "product_name": "Fone de ouvido", "price": 250.0}
{"timestamp": "2026-09-11T19:32:07.195379+00:00", "user_id": 20, "event_type": "entrega", "product_id": 5, "product_name": "Mouse", "price": 100.0}
{"timestamp": "2026-09-11T19:32:09.198709+00:00", "user_id": 84, "event_type": "clique", "product_id": 3, "product_name": "Fone de ouvido", "price": 250.0}
{"timestamp": "2026-09-11T19:32:11.202495+00:00", "user_id": 60, "event_type": "entrega", "product_id": 3, "product_name": "Fone de ouvido", "price": 250.0}
{"timestamp": "2026-09-11T19:32:13.204552+00:00", "user_id": 91, "event_type": "compra", "product_id": 3, "product_name": "Fone de ouvido", "price": 250.0}
{"timestamp": "2026-09-11T19:32:15.207110+00:00", "user_id": 16, "event_type": "entrega", "product_id": 2, "product_name": "Smartphone", "price": 2200.0}
{"timestamp": "2026-09-11T19:32:17.209601+00:00", "user_id": 41, "event_type": "entrega", "product_id": 1, "product_name": "Notebook", "price": 3500.0}
{"timestamp": "2026-09-11T19:32:19.211106+00:00", "user_id": 23, "event_type": "entrega", "product_id": 3, "product_name": "Fone de ouvido", "price": 250.0}
{"timestamp": "2026-09-11T19:32:21.213315+00:00", "user_id": 91, "event_type": "clique", "product_id": 2, "product_name": "Smartphone", "price": 2200.0}
{"timestamp": "2026-09-11T19:32:23.216546+00:00", "user_id": 19, "event_type": "compra", "product_id": 1, "product_name": "Notebook", "price": 3500.0}
{"timestamp": "2026-09-11T19:32:25.220722+00:00", "user_id": 55, "event_type": "compra", "product_id": 2, "product_name": "Smartphone", "price": 2200.0}
{"timestamp": "2026-09-11T19:32:27.225080+00:00", "user_id": 45, "event_type": "entrega", "product_id": 4, "product_name": "Teclado", "price": 180.0}
{"timestamp": "2026-09-11T19:32:29.228274+00:00", "user_id": 62, "event_type": "clique", "product_id": 3, "product_name": "Fone de ouvido", "price": 250.0}
{"timestamp": "2026-09-11T19:32:31.230267+00:00", "user_id": 62, "event_type": "carrinho", "product_id": 5, "product_name": "Mouse", "price": 100.0}
{"timestamp": "2026-09-11T19:32:33.232640+00:00", "user_id": 97, "event_type": "entrega", "product_id": 5, "product_name": "Mouse", "price": 100.0}
{"timestamp": "2026-09-11T19:32:35.234842+00:00", "user_id": 41, "event_type": "clique", "product_id": 4, "product_name": "Teclado", "price": 180.0}
{"timestamp": "2026-09-11T19:32:37.237071+00:00", "user_id": 42, "event_type": "compra", "product_id": 1, "product_name": "Notebook", "price": 3500.0}
{"timestamp": "2026-09-11T19:32:39.239173+00:00", "user_id": 86, "event_type": "clique", "product_id": 2, "product_name": "Smartphone", "price": 2200.0}
{"timestamp": "2026-09-11T19:32:41.241867+00:00", "user_id": 20, "event_type": "clique", "product_id": 4, "product_name": "Teclado", "price": 180.0}
{"timestamp": "2026-09-11T19:32:43.244300+00:00", "user_id": 19, "event_type": "carrinho", "product_id": 5, "product_name": "Mouse", "price": 100.0}
{"timestamp": "2026-09-11T19:34:00.353767+00:00", "user_id": 88, "event_type": "clique", "product_id": 4, "product_name": "Teclado", "price": 180.0}
{"timestamp": "2026-09-11T19:34:02.354926+00:00", "user_id": 1, "event_type": "carrinho", "product_id": 4, "product_name": "Teclado", "price": 180.0}
{"timestamp": "2026-09-11T19:34:04.356875+00:00", "user_id": 1, "event_type": "entrega", "product_id": 2, "product_name": "Smartphone", "price": 2200.0}
{"timestamp": "2026-09-11T19:34:06.359357+00:00", "user_id": 28, "event_type": "clique", "product_id": 4, "product_name": "Teclado", "price": 180.0}
{"timestamp": "2026-09-11T19:34:08.361891+00:00", "user_id": 37, "event_type": "carrinho", "product_id": 3, "product_name": "Fone de ouvido", "price": 250.0}
{"timestamp": "2026-09-11T19:34:10.364596+00:00", "user_id": 92, "event_type": "compra", "product_id": 2, "product_name": "Smartphone", "price": 2200.0}
{"timestamp": "2026-09-11T19:34:12.366693+00:00", "user_id": 10, "event_type": "carrinho", "product_id": 4, "product_name": "Teclado", "price": 180.0}
{"timestamp": "2026-09-11T19:34:14.368060+00:00", "user_id": 73, "event_type": "carrinho", "product_id": 3, "product_name": "Fone de ouvido", "price": 250.0}
{"timestamp": "2026-09-11T19:34:16.370356+00:00", "user_id": 37, "event_type": "compra", "product_id": 5, "product_name": "Mouse", "price": 100.0}
{"timestamp": "2026-09-11T19:34:18.371683+00:00", "user_id": 23, "event_type": "carrinho", "product_id": 5, "product_name": "Mouse", "price": 100.0}
{"timestamp": "2026-09-11T19:34:20.373755+00:00", "user_id": 70, "event_type": "entrega", "product_id": 4, "product_name": "Teclado", "price": 180.0}
{"timestamp": "2026-09-11T19:34:22.378280+00:00", "user_id": 32, "event_type": "clique", "product_id": 3, "product_name": "Fone de ouvido", "price": 250.0}
{"timestamp": "2026-09-11T19:34:24.381253+00:00", "user_id": 60, "event_type": "compra", "product_id": 1, "product_name": "Notebook", "price": 3500.0}
{"timestamp": "2026-09-11T19:34:26.384908+00:00", "user_id": 97, "event_type": "clique", "product_id": 4, "product_name": "Teclado", "price": 180.0}
{"timestamp": "2026-09-11T19:34:28.387928+00:00", "user_id": 52, "event_type": "carrinho", "product_id": 2, "product_name": "Smartphone", "price": 2200.0}
{"timestamp": "2026-09-11T19:34:30.389804+00:00", "user_id": 53, "event_type": "entrega", "product_id": 2, "product_name": "Smartphone", "price": 2200.0}
{"timestamp": "2026-09-11T19:34:32.394501+00:00", "user_id": 43, "event_type": "clique", "product_id": 1, "product_name": "Notebook", "price": 3500.0}
{"timestamp": "2026-09-11T19:34:34.397466+00:00", "user_id": 95, "event_type": "entrega", "product_id": 2, "product_name": "Smartphone", "price": 2200.0}
{"timestamp": "2026-09-11T19:34:36.400607+00:00", "user_id": 1, "event_type": "compra", "product_id": 2, "product_name": "Smartphone", "price": 2200.0}
{"timestamp": "2026-09-11T19:34:38.402173+00:00", "user_id": 21, "event_type": "compra", "product_id": 1, "product_name": "Notebook", "price": 3500.0}
{"timestamp": "2026-09-11T19:34:40.404785+00:00", "user_id": 52, "event_type": "clique", "product_id": 1, "product_name": "Notebook", "price": 3500.0}
{"timestamp": "2026-09-11T19:34:42.406919+00:00", "user_id": 45, "event_type": "entrega", "product_id": 1, "product_name": "Notebook", "price": 3500.0}
{"timestamp": "2026-09-11T19:34:44.410978+00:00", "user_id": 30, "event_type": "compra", "product_id": 1, "product_name": "Notebook", "price": 3500.0}
{"timestamp": "2026-09-11T19:34:46.414733+00:00", "user_id": 10, "event_type": "clique", "product_id": 5, "product_name": "Mouse", "price": 100.0}
{"timestamp": "2026-09-11T19:34:48.417398+00:00", "user_id": 97, "event_type": "clique", "product_id": 4, "product_name": "Teclado", "price": 180.0}
{"timestamp": "2026-09-11T19:34:50.422202+00:00", "user_id": 29, "event_type": "entrega", "product_id": 3, "product_name": "Fone de ouvido", "price": 250.0}
{"timestamp": "2026-09-11T19:34:52.424678+00:00", "user_id": 71, "event_type": "carrinho", "product_id": 1, "product_name": "Notebook", "price": 3500.0}
{"timestamp": "2026-09-11T19:34:54.426379+00:00", "user_id": 96, "event_type": "entrega", "product_id": 2, "product_name": "Smartphone", "price": 2200.0}
{"timestamp": "2026-09-11T19:34:56.429472+00:00", "user_id": 77, "event_type": "clique", "product_id": 1, "product_name": "Notebook", "price": 3500.0}
{"timestamp": "2026-09-11T19:34:58.431533+00:00", "user_id": 36, "event_type": "carrinho", "product_id": 1, "product_name": "Notebook", "price": 3500.0}
{"timestamp": "2026-09-11T19:35:00.434534+00:00", "user_id": 62, "event_type": "compra", "product_id": 3, "product_name": "Fone de ouvido", "price": 250.0}
{"timestamp": "2026-09-11T19:35:02.436722+00:00", "user_id": 90, "event_type": "compra", "product_id": 4, "product_name": "Teclado", "price": 180.0}
{"timestamp": "2026-09-11T19:35:04.438818+00:00", "user_id": 51, "event_type": "compra", "product_id": 5, "product_name": "Mouse", "price": 100.0}
{"timestamp": "2026-09-11T19:35:06.440697+00:00", "user_id": 44, "event_type": "carrinho", "product_id": 1, "product_name": "Notebook", "price": 3500.0}
{"timestamp": "2026-09-11T19:35:08.445220+00:00", "user_id": 42, "event_type": "compra", "product_id": 5, "product_name": "Mouse", "price": 100.0}
{"timestamp": "2026-09-11T19:35:10.446726+00:00", "user_id": 65, "event_type": "compra", "product_id": 5, "product_name": "Mouse", "price": 100.0}
{"timestamp": "2026-09-11T19:35:12.448552+00:00", "user_id": 31, "event_type": "compra", "product_id": 1, "product_name": "Notebook", "price": 3500.0}
{"timestamp": "2026-09-11T19:35:14.452416+00:00", "user_id": 15, "event_type": "entrega", "product_id": 1, "product_name": "Notebook", "price": 3500.0}
{"timestamp": "2026-09-11T19:35:16.454313+00:00", "user_id": 51, "event_type": "clique", "product_id": 5, "product_name": "Mouse", "price": 100.0}
{"timestamp": "2026-09-11T19:35:18.457766+00:00", "user_id": 9, "event_type": "entrega", "product_id": 5, "product_name": "Mouse", "price": 100.0}
{"timestamp": "2026-09-11T19:35:20.462016+00:00", "user_id": 84, "event_type": "entrega", "product_id": 2, "product_name": "Smartphone", "price": 2200.0}
{"timestamp": "2026-09-11T19:35:22.463246+00:00", "user_id": 45, "event_type": "compra", "product_id": 4, "product_name": "Teclado", "price": 180.0}
{"timestamp": "2026-09-11T19:35:24.465355+00:00", "user_id": 32, "event_type": "clique", "product_id": 2, "product_name": "Smartphone", "price": 2200.0}
{"timestamp": "2026-09-11T19:35:26.468868+00:00", "user_id": 99, "event_type": "clique", "product_id": 4, "product_name": "Teclado", "price": 180.0}
{"timestamp": "2026-09-11T19:35:28.470329+00:00", "user_id": 52, "event_type": "clique", "product_id": 5, "product_name": "Mouse", "price": 100.0}
{"timestamp": "2026-09-11T19:35:30.472347+00:00", "user_id": 4, "event_type": "compra", "product_id": 5, "product_name": "Mouse", "price": 100.0}
{"timestamp": "2026-09-11T19:35:32.473870+00:00", "user_id": 43, "event_type": "clique", "product_id": 2, "product_name": "Smartphone", "price": 2200.0}
{"timestamp": "2026-09-11T19:35:34.477326+00:00", "user_id": 98, "event_type": "compra", "product_id": 3, "product_name": "Fone de ouvido", "price": 250.0}
{"timestamp": "2026-09-11T19:35:36.479837+00:00", "user_id": 48, "event_type": "entrega", "product_id": 3, "product_name": "Fone de ouvido", "price": 250.0}
{"timestamp": "2026-09-11T19:35:38.481715+00:00", "user_id": 86, "event_type": "carrinho", "product_id": 5, "product_name": "Mouse", "price": 100.0}
{"timestamp": "2026-09-11T19:35:40.484863+00:00", "user_id": 6, "event_type": "compra", "product_id": 1, "product_name": "Notebook", "price": 3500.0}
{"timestamp": "2026-09-11T19:35:42.488756+00:00", "user_id": 31, "event_type": "carrinho", "product_id": 1, "product_name": "Notebook", "price": 3500.0}
{"timestamp": "2026-09-11T19:35:44.490297+00:00", "user_id": 35, "event_type": "clique", "product_id": 5, "product_name": "Mouse", "price": 100.0}
{"timestamp": "2026-09-11T19:35:46.493667+00:00", "user_id": 67, "event_type": "clique", "product_id": 1, "product_name": "Notebook", "price": 3500.0}
{"timestamp": "2026-09-11T19:35:48.495812+00:00", "user_id": 90, "event_type": "carrinho", "product_id": 2, "product_name": "Smartphone", "price": 2200.0}
{"timestamp": "2026-09-11T19:35:50.498022+00:00", "user_id": 43, "event_type": "compra", "product_id": 2, "product_name": "Smartphone", "price": 2200.0}
{"timestamp": "2026-09-11T19:35:52.499667+00:00", "user_id": 11, "event_type": "carrinho", "product_id": 5, "product_name": "Mouse", "price": 100.0}
{"timestamp": "2026-09-11T19:35:54.502941+00:00", "user_id": 81, "event_type": "compra", "product_id": 4, "product_name": "Teclado", "price": 180.0}
{"timestamp": "2026-09-11T19:35:56.504509+00:00", "user_id": 62, "event_type": "entrega", "product_id": 2, "product_name": "Smartphone", "price": 2200.0}
{"timestamp": "2026-09-11T19:35:58.507810+00:00", "user_id": 92, "event_type": "compra", "product_id": 3, "product_name": "Fone de ouvido", "price": 250.0}
{"timestamp": "2026-09-11T19:36:00.509629+00:00", "user_id": 17, "event_type": "entrega", "product_id": 4, "product_name": "Teclado", "price": 180.0}
{"timestamp": "2026-09-11T19:36:02.510947+00:00", "user_id": 92, "event_type": "carrinho", "product_id": 3, "product_name": "Fone de ouvido", "price": 250.0}
{"timestamp": "2026-09-11T19:36:04.513085+00:00", "user_id": 22, "event_type": "clique", "product_id": 1, "product_name": "Notebook", "price": 3500.0}
{"timestamp": "2026-09-11T19:36:06.516347+00:00", "user_id": 51, "event_type": "compra", "product_id": 4, "product_name": "Teclado", "price": 180.0}
{"timestamp": "2026-09-11T19:36:08.519363+00:00", "user_id": 28, "event_type": "compra", "product_id": 2, "product_name": "Smartphone", "price": 2200.0}
{"timestamp": "2026-09-11T19:36:10.522738+00:00", "user_id": 64, "event_type": "compra", "product_id": 5, "product_name": "Mouse", "price": 100.0}
{"timestamp": "2026-09-11T19:36:12.525324+00:00", "user_id": 14, "event_type": "carrinho", "product_id": 4, "product_name": "Teclado", "price": 180.0}
{"timestamp": "2026-09-11T19:36:14.527917+00:00", "user_id": 76, "event_type": "clique", "product_id": 4, "product_name": "Teclado", "price": 180.0}
{"timestamp": "2026-09-11T19:36:16.529897+00:00", "user_id": 61, "event_type": "clique", "product_id": 5, "product_name": "Mouse", "price": 100.0}
{"timestamp": "2026-09-11T19:36:18.534880+00:00", "user_id": 11, "event_type": "entrega", "product_id": 5, "product_name": "Mouse", "price": 100.0}
{"timestamp": "2026-09-11T19:36:20.536520+00:00", "user_id": 3, "event_type": "carrinho", "product_id": 2, "product_name": "Smartphone", "price": 2200.0}
{"timestamp": "2026-09-11T19:36:22.539057+00:00", "user_id": 35, "event_type": "compra", "product_id": 1, "product_name": "Notebook", "price": 3500.0}
{"timestamp": "2026-09-11T19:36:24.541873+00:00", "user_id": 26, "event_type": "carrinho", "product_id": 4, "product_name": "Teclado", "price": 180.0}
{"timestamp": "2026-09-11T19:36:26.544038+00:00", "user_id": 3, "event_type": "entrega", "product_id": 1, "product_name": "Notebook", "price": 3500.0}
{"timestamp": "2026-09-11T19:36:28.546749+00:00", "user_id": 20, "event_type": "entrega", "product_id": 3, "product_name": "Fone de ouvido", "price": 250.0}
{"timestamp": "2026-09-11T19:36:30.549909+00:00", "user_id": 36, "event_type": "carrinho", "product_id": 3, "product_name": "Fone de ouvido", "price": 250.0}
{"timestamp": "2026-09-11T19:36:32.553031+00:00", "user_id": 9, "event_type": "carrinho", "product_id": 4, "product_name": "Teclado", "price": 180.0}
{"timestamp": "2026-09-11T19:36:34.556252+00:00", "user_id": 65, "event_type": "carrinho", "product_id": 2, "product_name": "Smartphone", "price": 2200.0}
{"timestamp": "2026-09-11T19:36:36.558430+00:00", "user_id": 54, "event_type": "clique", "product_id": 2, "product_name": "Smartphone", "price": 2200.0}
{"timestamp": "2026-09-11T19:36:38.561672+00:00", "user_id": 56, "event_type": "entrega", "product_id": 5, "product_name": "Mouse", "price": 100.0}
{"timestamp": "2026-09-11T19:36:40.563502+00:00", "user_id": 54, "event_type": "entrega", "product_id": 2, "product_name": "Smartphone", "price": 2200.0}
{"timestamp": "2026-09-11T19:36:42.565493+00:00", "user_id": 96, "event_type": "clique", "product_id": 5, "product_name": "Mouse", "price": 100.0}
{"timestamp": "2026-09-11T19:36:44.567384+00:00", "user_id": 61, "event_type": "carrinho", "product_id": 4, "product_name": "Teclado", "price": 180.0}
{"timestamp": "2026-09-11T19:36:46.569635+00:00", "user_id": 63, "event_type": "entrega", "product_id": 4, "product_name": "Teclado", "price": 180.0}
{"timestamp": "2026-09-11T19:36:48.572520+00:00", "user_id": 75, "event_type": "entrega", "product_id": 2, "product_name": "Smartphone", "price": 2200.0}
{"timestamp": "2026-09-11T19:36:50.575304+00:00", "user_id": 68, "event_type": "clique", "product_id": 5, "product_name": "Mouse", "price": 100.0}
{"timestamp": "2026-09-11T19:36:52.577530+00:00", "user_id": 19, "event_type": "clique", "product_id": 3, "product_name": "Fone de ouvido", "price": 250.0}
{"timestamp": "2026-09-11T19:36:54.580229+00:00", "user_id": 6, "event_type": "clique", "product_id": 5, "product_name": "Mouse", "price": 100.0}
{"timestamp": "2026-09-11T19:36:56.583032+00:00", "user_id": 11, "event_type": "compra", "product_id": 2, "product_name": "Smartphone", "price": 2200.0}
{"timestamp": "2026-09-11T19:36:58.584682+00:00", "user_id": 31, "event_type": "compra", "product_id": 2, "product_name": "Smartphone", "price": 2200.0}
{"timestamp": "2026-09-11T19:37:00.586929+00:00", "user_id": 22, "event_type": "entrega", "product_id": 5, "product_name": "Mouse", "price": 100.0}
{"timestamp": "2026-09-11T19:37:02.588114+00:00", "user_id": 58, "event_type": "carrinho", "product_id": 4, "product_name": "Teclado", "price": 180.0}
{"timestamp": "2026-09-11T19:37:04.590630+00:00", "user_id": 87, "event_type": "clique", "product_id": 5, "product_name": "Mouse", "price": 100.0}
{"timestamp": "2026-09-11T19:37:06.592481+00:00", "user_id": 18, "event_type": "clique", "product_id": 2, "product_name": "Smartphone", "price": 2200.0}
{"timestamp": "2026-09-11T19:37:08.595170+00:00", "user_id": 52, "event_type": "entrega", "product_id": 3, "product_name": "Fone de ouvido", "price": 250.0}
{"timestamp": "2026-09-11T19:37:10.597098+00:00", "user_id": 80, "event_type": "clique", "product_id": 2, "product_name": "Smartphone", "price": 2200.0}
{"timestamp": "2026-09-11T19:37:12.600510+00:00", "user_id": 49, "event_type": "entrega", "product_id": 5, "product_name": "Mouse", "price": 100.0}
{"timestamp": "2026-09-11T19:37:14.602921+00:00", "user_id": 88, "event_type": "compra", "product_id": 2, "product_name": "Smartphone", "price": 2200.0}
{"timestamp": "2026-09-11T19:37:16.605619+00:00", "user_id": 30, "event_type": "carrinho", "product_id": 2, "product_name": "Smartphone", "price": 2200.0}
{"timestamp": "2026-09-11T19:37:18.608578+00:00", "user_id": 33, "event_type": "clique", "product_id": 2, "product_name": "Smartphone", "price": 2200.0}
{"timestamp": "2026-09-11T19:37:20.612010+00:00", "user_id": 86, "event_type": "entrega", "product_id": 2, "product_name": "Smartphone", "price": 2200.0}
{"timestamp": "2026-09-11T19:37:22.614372+00:00", "user_id": 67, "event_type": "clique", "product_id": 1, "product_name": "Notebook", "price": 3500.0}
{"timestamp": "2026-09-11T19:37:24.616938+00:00", "user_id": 27, "event_type": "entrega", "product_id": 1, "product_name": "Notebook", "price": 3500.0}
{"timestamp": "2026-09-11T19:37:26.618899+00:00", "user_id": 53, "event_type": "clique", "product_id": 3, "product_name": "Fone de ouvido", "price": 250.0}
{"timestamp": "2026-09-11T19:37:28.621541+00:00", "user_id": 91, "event_type": "clique", "product_id": 4, "product_name": "Teclado", "price": 180.0}
{"timestamp": "2026-09-11T19:37:30.623274+00:00", "user_id": 52, "event_type": "compra", "product_id": 2, "product_name": "Smartphone", "price": 2200.0}
{"timestamp": "2026-09-11T19:37:32.625765+00:00", "user_id": 87, "event_type": "entrega", "product_id": 3, "product_name": "Fone de ouvido", "price": 250.0}
{"timestamp": "2026-09-11T19:37:34.627906+00:00", "user_id": 43, "event_type": "entrega", "product_id": 2, "product_name": "Smartphone", "price": 2200.0}
{"timestamp": "2026-09-11T19:37:36.631114+00:00", "user_id": 63, "event_type": "clique", "product_id": 1, "product_name": "Notebook", "price": 3500.0}
{"timestamp": "2026-09-11T19:37:38.632209+00:00", "user_id": 34, "event_type": "carrinho", "product_id": 5, "product_name": "Mouse", "price": 100.0}
{"timestamp": "2026-09-11T19:37:40.633532+00:00", "user_id": 70, "event_type": "clique", "product_id": 2, "product_name": "Smartphone", "price": 2200.0}
{"timestamp": "2026-09-11T19:37:42.636948+00:00", "user_id": 35, "event_type": "entrega", "product_id": 3, "product_name": "Fone de ouvido", "price": 250.0}
{"timestamp": "2026-09-11T19:37:44.639071+00:00", "user_id": 70, "event_type": "carrinho", "product_id": 3, "product_name": "Fone de ouvido", "price": 250.0}
{"timestamp": "2026-09-11T19:37:46.641650+00:00", "user_id": 78, "event_type": "entrega", "product_id": 2, "product_name": "Smartphone", "price": 2200.0}
{"timestamp": "2026-09-11T19:37:48.644444+00:00", "user_id": 34, "event_type": "carrinho", "product_id": 1, "product_name": "Notebook", "price": 3500.0}
{"timestamp": "2026-09-11T19:37:50.647750+00:00", "user_id": 6, "event_type": "compra", "product_id": 4, "product_name": "Teclado", "price": 180.0}
{"timestamp": "2026-09-11T19:37:52.651184+00:00", "user_id": 77, "event_type": "clique", "product_id": 4, "product_name": "Teclado", "price": 180.0}
{"timestamp": "2026-09-11T19:37:54.653986+00:00", "user_id": 70, "event_type": "clique", "product_id": 5, "product_name": "Mouse", "price": 100.0}
{"timestamp": "2026-09-11T19:37:56.656793+00:00", "user_id": 62, "event_type": "clique", "product_id": 2, "product_name": "Smartphone", "price": 2200.0}
{"timestamp": "2026-09-11T19:37:58.658951+00:00", "user_id": 40, "event_type": "compra", "product_id": 2, "product_name": "Smartphone", "price": 2200.0}
{"timestamp": "2026-09-11T19:38:00.660715+00:00", "user_id": 80, "event_type": "carrinho", "product_id": 3, "product_name": "Fone de ouvido", "price": 250.0}
{"timestamp": "2026-09-11T19:38:02.661535+00:00", "user_id": 12, "event_type": "compra", "product_id": 1, "product_name": "Notebook", "price": 3500.0}
{"timestamp": "2026-09-11T19:38:04.662913+00:00", "user_id": 41, "event_type": "clique", "product_id": 5, "product_name": "Mouse", "price": 100.0}
{"timestamp": "2026-09-11T19:38:06.664612+00:00", "user_id": 3, "event_type": "clique", "product_id": 1, "product_name": "Notebook", "price": 3500.0}
{"timestamp": "2026-09-11T19:38:08.666192+00:00", "user_id": 36, "event_type": "clique", "product_id": 1, "product_name": "Notebook", "price": 3500.0}
{"timestamp": "2026-09-11T19:38:10.668192+00:00", "user_id": 43, "event_type": "compra", "product_id": 5, "product_name": "Mouse", "price": 100.0}
{"timestamp": "2026-09-11T19:38:12.669032+00:00", "user_id": 13, "event_type": "compra", "product_id": 4, "product_name": "Teclado", "price": 180.0}
{"timestamp": "2026-09-11T19:38:14.670129+00:00", "user_id": 37, "event_type": "entrega", "product_id": 1, "product_name": "Notebook", "price": 3500.0}
{"timestamp": "2026-09-11T19:38:16.671646+00:00", "user_id": 31, "event_type": "carrinho", "product_id": 2, "product_name": "Smartphone", "price": 2200.0}
{"timestamp": "2026-09-11T19:38:18.673183+00:00", "user_id": 22, "event_type": "clique", "product_id": 1, "product_name": "Notebook", "price": 3500.0}
{"timestamp": "2026-09-11T19:38:20.675174+00:00", "user_id": 91, "event_type": "carrinho", "product_id": 1, "product_name": "Notebook", "price": 3500.0}
{"timestamp": "2026-09-11T19:38:22.677359+00:00", "user_id": 65, "event_type": "entrega", "product_id": 4, "product_name": "Teclado", "price": 180.0}
{"timestamp": "2026-09-11T19:38:24.679484+00:00", "user_id": 20, "event_type": "carrinho", "product_id": 5, "product_name": "Mouse", "price": 100.0}
{"timestamp": "2026-09-11T19:38:26.681170+00:00", "user_id": 85, "event_type": "compra", "product_id": 4, "product_name": "Teclado", "price": 180.0}
{"timestamp": "2026-09-11T19:38:28.682668+00:00", "user_id": 63, "event_type": "clique", "product_id": 5, "product_name": "Mouse", "price": 100.0}
{"timestamp": "2026-09-11T19:38:30.684892+00:00", "user_id": 55, "event_type": "entrega", "product_id": 5, "product_name": "Mouse", "price": 100.0}
{"timestamp": "2026-09-11T19:38:32.686162+00:00", "user_id": 30, "event_type": "clique", "product_id": 4, "product_name": "Teclado", "price": 180.0}
{"timestamp": "2026-09-11T19:38:34.687890+00:00", "user_id": 96, "event_type": "compra", "product_id": 3, "product_name": "Fone de ouvido", "price": 250.0}
{"timestamp": "2026-09-11T19:38:36.689618+00:00", "user_id": 82, "event_type": "carrinho", "product_id": 5, "product_name": "Mouse", "price": 100.0}
{"timestamp": "2026-09-11T19:38:38.691086+00:00", "user_id": 51, "event_type": "compra", "product_id": 3, "product_name": "Fone de ouvido", "price": 250.0}
{"timestamp": "2026-09-11T19:38:40.692677+00:00", "user_id": 31, "event_type": "compra", "product_id": 3, "product_name": "Fone de ouvido", "price": 250.0}
{"timestamp": "2026-09-11T19:38:42.693910+00:00", "user_id": 6, "event_type": "compra", "product_id": 1, "product_name": "Notebook", "price": 3500.0}
{"timestamp": "2026-09-11T19:38:44.695207+00:00", "user_id": 79, "event_type": "compra", "product_id": 2, "product_name": "Smartphone", "price": 2200.0}
{"timestamp": "2026-09-11T19:38:46.696694+00:00", "user_id": 12, "event_type": "clique", "product_id": 4, "product_name": "Teclado", "price": 180.0}
{"timestamp": "2026-09-11T19:38:48.698785+00:00", "user_id": 94, "event_type": "clique", "product_id": 4, "product_name": "Teclado", "price": 180.0}
{"timestamp": "2026-09-11T19:38:50.699969+00:00", "user_id": 81, "event_type": "entrega", "product_id": 4, "product_name": "Teclado", "price": 180.0}
{"timestamp": "2026-09-11T19:38:52.701452+00:00", "user_id": 96, "event_type": "compra", "product_id": 5, "product_name": "Mouse", "price": 100.0}
{"timestamp": "2026-09-11T19:38:54.704065+00:00", "user_id": 28, "event_type": "entrega", "product_id": 1, "product_name": "Notebook", "price": 3500.0}
{"timestamp": "2026-09-11T19:38:56.706678+00:00", "user_id": 73, "event_type": "carrinho", "product_id": 3, "product_name": "Fone de ouvido", "price": 250.0}
{"timestamp": "2026-09-11T19:38:58.710076+00:00", "user_id": 54, "event_type": "compra", "product_id": 2, "product_name": "Smartphone", "price": 2200.0}
{"timestamp": "2026-09-11T19:39:00.713457+00:00", "user_id": 13, "event_type": "carrinho", "product_id": 1, "product_name": "Notebook", "price": 3500.0}
{"timestamp": "2026-09-11T19:39:02.715525+00:00", "user_id": 86, "event_type": "carrinho", "product_id": 1, "product_name": "Notebook", "price": 3500.0}
{"timestamp": "2026-09-11T19:39:04.716956+00:00", "user_id": 51, "event_type": "clique", "product_id": 3, "product_name": "Fone de ouvido", "price": 250.0}
{"timestamp": "2026-09-11T19:39:06.718930+00:00", "user_id": 19, "event_type": "carrinho", "product_id": 3, "product_name": "Fone de ouvido", "price": 250.0}
{"timestamp": "2026-09-11T19:39:08.722602+00:00", "user_id": 78, "event_type": "entrega", "product_id": 4, "product_name": "Teclado", "price": 180.0}
{"timestamp": "2026-09-11T19:39:10.726218+00:00", "user_id": 55, "event_type": "compra", "product_id": 4, "product_name": "Teclado", "price": 180.0}
{"timestamp": "2026-09-11T19:39:12.727836+00:00", "user_id": 69, "event_type": "clique", "product_id": 2, "product_name": "Smartphone", "price": 2200.0}
{"timestamp": "2026-09-11T19:39:14.730331+00:00", "user_id": 62, "event_type": "compra", "product_id": 1, "product_name": "Notebook", "price": 3500.0}
{"timestamp": "2026-09-11T19:39:16.734901+00:00", "user_id": 73, "event_type": "compra", "product_id": 2, "product_name": "Smartphone", "price": 2200.0}
{"timestamp": "2026-09-11T19:39:18.737150+00:00", "user_id": 59, "event_type": "entrega", "product_id": 1, "product_name": "Notebook", "price": 3500.0}
{"timestamp": "2026-09-11T19:39:20.741100+00:00", "user_id": 32, "event_type": "carrinho", "product_id": 4, "product_name": "Teclado", "price": 180.0}
{"timestamp": "2026-09-11T19:39:22.743730+00:00", "user_id": 27, "event_type": "carrinho", "product_id": 3, "product_name": "Fone de ouvido", "price": 250.0}
{"timestamp": "2026-09-11T19:39:24.745330+00:00", "user_id": 67, "event_type": "clique", "product_id": 2, "product_name": "Smartphone", "price": 2200.0}
{"timestamp": "2026-09-11T19:39:26.747239+00:00", "user_id": 42, "event_type": "compra", "product_id": 2, "product_name": "Smartphone", "price": 2200.0}
{"timestamp": "2026-09-11T19:39:28.748356+00:00", "user_id": 6, "event_type": "entrega", "product_id": 2, "product_name": "Smartphone", "price": 2200.0}
{"timestamp": "2026-09-11T19:39:30.749839+00:00", "user_id": 26, "event_type": "compra", "product_id": 4, "product_name": "Teclado", "price": 180.0}
{"timestamp": "2026-09-11T19:39:32.753479+00:00", "user_id": 36, "event_type": "entrega", "product_id": 1, "product_name": "Notebook", "price": 3500.0}
{"timestamp": "2026-09-11T19:39:34.757905+00:00", "user_id": 9, "event_type": "carrinho", "product_id": 4, "product_name": "Teclado", "price": 180.0}
{"timestamp": "2026-09-11T19:39:36.760990+00:00", "user_id": 15, "event_type": "clique", "product_id": 5, "product_name": "Mouse", "price": 100.0}
{"timestamp": "2026-09-11T19:39:38.765649+00:00", "user_id": 58, "event_type": "carrinho", "product_id": 4, "product_name": "Teclado", "price": 180.0}
{"timestamp": "2026-09-11T19:39:40.770927+00:00", "user_id": 24, "event_type": "carrinho", "product_id": 1, "product_name": "Notebook", "price": 3500.0}
{"timestamp": "2026-09-11T19:39:42.773044+00:00", "user_id": 44, "event_type": "clique", "product_id": 5, "product_name": "Mouse", "price": 100.0}
{"timestamp": "2026-09-11T19:39:44.775645+00:00", "user_id": 59, "event_type": "compra", "product_id": 3, "product_name": "Fone de ouvido", "price": 250.0}
{"timestamp": "2026-09-11T19:39:46.777792+00:00", "user_id": 96, "event_type": "compra", "product_id": 2, "product_name": "Smartphone", "price": 2200.0}
{"timestamp": "2026-09-11T19:39:48.780634+00:00", "user_id": 79, "event_type": "clique", "product_id": 5, "product_name": "Mouse", "price": 100.0}
{"timestamp": "2026-09-11T19:39:50.785145+00:00", "user_id": 71, "event_type": "clique", "product_id": 3, "product_name": "Fone de ouvido", "price": 250.0}
{"timestamp": "2026-09-11T19:39:52.787196+00:00", "user_id": 43, "event_type": "entrega", "product_id": 2, "product_name": "Smartphone", "price": 2200.0}
{"timestamp": "2026-09-11T19:39:54.788678+00:00", "user_id": 45, "event_type": "carrinho", "product_id": 5, "product_name": "Mouse", "price": 100.0}
{"timestamp": "2026-09-11T19:39:56.790940+00:00", "user_id": 72, "event_type": "entrega", "product_id": 1, "product_name": "Notebook", "price": 3500.0}
{"timestamp": "2026-09-11T19:39:58.792307+00:00", "user_id": 25, "event_type": "entrega", "product_id": 3, "product_name": "Fone de ouvido", "price": 250.0}
{"timestamp":"2026-09-13T16:30:00Z","user_id":999,"event_type":"teste","product_id":1,"product_name":"Notebook","price":3500.00}
